[INFO] Scanning for projects...
[INFO] 
[INFO] ----------------------< com.book:book-recommend >-----------------------
[INFO] Building book-recommend 1.0.0
[INFO] --------------------------------[ jar ]---------------------------------
[INFO] 
[INFO] >>> spring-boot-maven-plugin:3.2.4:run (default-cli) > test-compile @ book-recommend >>>
[INFO] 
[INFO] --- maven-resources-plugin:3.3.1:resources (default-resources) @ book-recommend ---
[INFO] Copying 1 resource from src\main\resources to target\classes
[INFO] Copying 1 resource from src\main\resources to target\classes
[INFO] 
[INFO] --- maven-compiler-plugin:3.11.0:compile (default-compile) @ book-recommend ---
[INFO] Changes detected - recompiling the module! :source
[INFO] Compiling 6 source files with javac [debug release 17] to target\classes
[INFO] 
[INFO] --- maven-resources-plugin:3.3.1:testResources (default-testResources) @ book-recommend ---
[INFO] skip non existing resourceDirectory D:\dddjava\ai-opencode\book\book-system\book-recommend\src\test\resources
[INFO] 
[INFO] --- maven-compiler-plugin:3.11.0:testCompile (default-testCompile) @ book-recommend ---
[INFO] No sources to compile
[INFO] 
[INFO] <<< spring-boot-maven-plugin:3.2.4:run (default-cli) < test-compile @ book-recommend <<<
[INFO] 
[INFO] 
[INFO] --- spring-boot-maven-plugin:3.2.4:run (default-cli) @ book-recommend ---
[INFO] Attaching agents: []
2026-04-22T21:43:03.993+08:00  WARN 31272 --- [book-recommend] [           main] c.a.nacos.client.logging.NacosLogging    : Load Logback Configuration of Nacos fail, message: Could not initialize Logback Nacos logging from classpath:nacos-logback.xml
2026-04-22T21:43:04.104+08:00  WARN 31272 --- [book-recommend] [           main] c.a.nacos.client.logging.NacosLogging    : Load Logback Configuration of Nacos fail, message: Could not initialize Logback Nacos logging from classpath:nacos-logback.xml
2026-04-22T21:43:04.137+08:00  INFO 31272 --- [book-recommend] [           main] c.a.c.n.c.NacosConfigDataLoader          : [Nacos Config] Load config[dataId=book-dev.yaml, group=DEFAULT_GROUP] success
2026-04-22T21:43:05.876+08:00  WARN 31272 --- [book-recommend] [           main] c.a.nacos.client.logging.NacosLogging    : Load Logback Configuration of Nacos fail, message: Could not initialize Logback Nacos logging from classpath:nacos-logback.xml

  .   ____          _            __ _ _
 /\\ / ___'_ __ _ _(_)_ __  __ _ \ \ \ \
( ( )\___ | '_ | '_| | '_ \/ _` | \ \ \ \
 \\/  ___)| |_)| | | | | || (_| |  ) ) ) )
  '  |____| .__|_| |_|_| |_\__, | / / / /
 =========|_|==============|___/=/_/_/_/
 :: Spring Boot ::                (v3.2.4)

2026-04-22T21:43:05.942+08:00  WARN 31272 --- [book-recommend] [           main] c.a.c.n.c.NacosPropertySourceBuilder     : Ignore the empty nacos configuration and get it based on dataId[book-recommend] & group[DEFAULT_GROUP]
2026-04-22T21:43:05.979+08:00  WARN 31272 --- [book-recommend] [           main] c.a.c.n.c.NacosPropertySourceBuilder     : Ignore the empty nacos configuration and get it based on dataId[book-recommend-dev.yaml] & group[DEFAULT_GROUP]
2026-04-22T21:43:05.981+08:00  INFO 31272 --- [book-recommend] [           main] b.c.PropertySourceBootstrapConfiguration : Located property source: [BootstrapPropertySource {name='bootstrapProperties-book-recommend-dev.yaml,DEFAULT_GROUP'}, BootstrapPropertySource {name='bootstrapProperties-book-recommend.yaml,DEFAULT_GROUP'}, BootstrapPropertySource {name='bootstrapProperties-book-recommend,DEFAULT_GROUP'}, BootstrapPropertySource {name='bootstrapProperties-book-dev.yaml,DEFAULT_GROUP'}]
2026-04-22T21:43:05.992+08:00  WARN 31272 --- [book-recommend] [           main] c.a.nacos.client.logging.NacosLogging    : Load Logback Configuration of Nacos fail, message: Could not initialize Logback Nacos logging from classpath:nacos-logback.xml
2026-04-22T21:43:05.994+08:00  INFO 31272 --- [book-recommend] [           main] c.book.recommend.RecommendApplication    : The following 1 profile is active: "dev"
2026-04-22T21:43:06.017+08:00  INFO 31272 --- [book-recommend] [           main] c.a.c.n.c.NacosConfigDataLoader          : [Nacos Config] Load config[dataId=book-dev.yaml, group=DEFAULT_GROUP] success
2026-04-22T21:43:06.782+08:00  WARN 31272 --- [book-recommend] [           main] o.m.s.mapper.ClassPathMapperScanner      : No MyBatis mapper was found in '[com.book.recommend]' package. Please check your configuration.
2026-04-22T21:43:06.868+08:00  INFO 31272 --- [book-recommend] [           main] o.s.cloud.context.scope.GenericScope     : BeanFactory id=425d3035-3a4f-34be-9fc7-25996356e274
2026-04-22T21:43:07.092+08:00  WARN 31272 --- [book-recommend] [           main] trationDelegate$BeanPostProcessorChecker : Bean 'org.springframework.cloud.client.loadbalancer.LoadBalancerAutoConfiguration$LoadBalancerInterceptorConfig' of type [org.springframework.cloud.client.loadbalancer.LoadBalancerAutoConfiguration$LoadBalancerInterceptorConfig] is not eligible for getting processed by all BeanPostProcessors (for example: not eligible for auto-proxying). The currently created BeanPostProcessor [lbRestClientPostProcessor] is declared through a non-static factory method on that class; consider declaring it as static instead.
2026-04-22T21:43:07.093+08:00  WARN 31272 --- [book-recommend] [           main] trationDelegate$BeanPostProcessorChecker : Bean 'org.springframework.cloud.loadbalancer.config.BlockingLoadBalancerClientAutoConfiguration' of type [org.springframework.cloud.loadbalancer.config.BlockingLoadBalancerClientAutoConfiguration] is not eligible for getting processed by all BeanPostProcessors (for example: not eligible for auto-proxying). Is this bean getting eagerly injected into a currently created BeanPostProcessor [lbRestClientPostProcessor]? Check the corresponding BeanPostProcessor declaration and its dependencies.
2026-04-22T21:43:07.094+08:00  WARN 31272 --- [book-recommend] [           main] trationDelegate$BeanPostProcessorChecker : Bean 'org.springframework.cloud.loadbalancer.config.LoadBalancerAutoConfiguration' of type [org.springframework.cloud.loadbalancer.config.LoadBalancerAutoConfiguration] is not eligible for getting processed by all BeanPostProcessors (for example: not eligible for auto-proxying). Is this bean getting eagerly injected into a currently created BeanPostProcessor [lbRestClientPostProcessor]? Check the corresponding BeanPostProcessor declaration and its dependencies.
2026-04-22T21:43:07.100+08:00  WARN 31272 --- [book-recommend] [           main] trationDelegate$BeanPostProcessorChecker : Bean 'org.springframework.cloud.commons.config.CommonsConfigAutoConfiguration' of type [org.springframework.cloud.commons.config.CommonsConfigAutoConfiguration] is not eligible for getting processed by all BeanPostProcessors (for example: not eligible for auto-proxying). Is this bean getting eagerly injected into a currently created BeanPostProcessor [lbRestClientPostProcessor]? Check the corresponding BeanPostProcessor declaration and its dependencies.
2026-04-22T21:43:07.102+08:00  WARN 31272 --- [book-recommend] [           main] trationDelegate$BeanPostProcessorChecker : Bean 'org.springframework.cloud.client.loadbalancer.LoadBalancerDefaultMappingsProviderAutoConfiguration' of type [org.springframework.cloud.client.loadbalancer.LoadBalancerDefaultMappingsProviderAutoConfiguration] is not eligible for getting processed by all BeanPostProcessors (for example: not eligible for auto-proxying). Is this bean getting eagerly injected into a currently created BeanPostProcessor [lbRestClientPostProcessor]? Check the corresponding BeanPostProcessor declaration and its dependencies.
2026-04-22T21:43:07.102+08:00  WARN 31272 --- [book-recommend] [           main] trationDelegate$BeanPostProcessorChecker : Bean 'loadBalancerClientsDefaultsMappingsProvider' of type [org.springframework.cloud.client.loadbalancer.LoadBalancerDefaultMappingsProviderAutoConfiguration$$Lambda$610/0x0000000801148930] is not eligible for getting processed by all BeanPostProcessors (for example: not eligible for auto-proxying). Is this bean getting eagerly injected into a currently created BeanPostProcessor [lbRestClientPostProcessor]? Check the corresponding BeanPostProcessor declaration and its dependencies.
2026-04-22T21:43:07.103+08:00  WARN 31272 --- [book-recommend] [           main] trationDelegate$BeanPostProcessorChecker : Bean 'defaultsBindHandlerAdvisor' of type [org.springframework.cloud.commons.config.DefaultsBindHandlerAdvisor] is not eligible for getting processed by all BeanPostProcessors (for example: not eligible for auto-proxying). Is this bean getting eagerly injected into a currently created BeanPostProcessor [lbRestClientPostProcessor]? Check the corresponding BeanPostProcessor declaration and its dependencies.
2026-04-22T21:43:07.110+08:00  WARN 31272 --- [book-recommend] [           main] trationDelegate$BeanPostProcessorChecker : Bean 'spring.cloud.loadbalancer-org.springframework.cloud.client.loadbalancer.LoadBalancerClientsProperties' of type [org.springframework.cloud.client.loadbalancer.LoadBalancerClientsProperties] is not eligible for getting processed by all BeanPostProcessors (for example: not eligible for auto-proxying). Is this bean getting eagerly injected into a currently created BeanPostProcessor [lbRestClientPostProcessor]? Check the corresponding BeanPostProcessor declaration and its dependencies.
2026-04-22T21:43:07.114+08:00  WARN 31272 --- [book-recommend] [           main] trationDelegate$BeanPostProcessorChecker : Bean 'default.org.springframework.cloud.loadbalancer.config.LoadBalancerAutoConfiguration.LoadBalancerClientSpecification' of type [org.springframework.cloud.loadbalancer.annotation.LoadBalancerClientSpecification] is not eligible for getting processed by all BeanPostProcessors (for example: not eligible for auto-proxying). Is this bean getting eagerly injected into a currently created BeanPostProcessor [lbRestClientPostProcessor]? Check the corresponding BeanPostProcessor declaration and its dependencies.
2026-04-22T21:43:07.115+08:00  WARN 31272 --- [book-recommend] [           main] trationDelegate$BeanPostProcessorChecker : Bean 'default.org.springframework.cloud.loadbalancer.config.BlockingLoadBalancerClientAutoConfiguration.LoadBalancerClientSpecification' of type [org.springframework.cloud.loadbalancer.annotation.LoadBalancerClientSpecification] is not eligible for getting processed by all BeanPostProcessors (for example: not eligible for auto-proxying). Is this bean getting eagerly injected into a currently created BeanPostProcessor [lbRestClientPostProcessor]? Check the corresponding BeanPostProcessor declaration and its dependencies.
2026-04-22T21:43:07.116+08:00  WARN 31272 --- [book-recommend] [           main] trationDelegate$BeanPostProcessorChecker : Bean 'loadBalancerClientFactory' of type [org.springframework.cloud.loadbalancer.support.LoadBalancerClientFactory] is not eligible for getting processed by all BeanPostProcessors (for example: not eligible for auto-proxying). Is this bean getting eagerly injected into a currently created BeanPostProcessor [lbRestClientPostProcessor]? Check the corresponding BeanPostProcessor declaration and its dependencies.
2026-04-22T21:43:07.116+08:00  WARN 31272 --- [book-recommend] [           main] trationDelegate$BeanPostProcessorChecker : Bean 'blockingLoadBalancerClient' of type [org.springframework.cloud.loadbalancer.blocking.client.BlockingLoadBalancerClient] is not eligible for getting processed by all BeanPostProcessors (for example: not eligible for auto-proxying). Is this bean getting eagerly injected into a currently created BeanPostProcessor [lbRestClientPostProcessor]? Check the corresponding BeanPostProcessor declaration and its dependencies.
2026-04-22T21:43:07.124+08:00  WARN 31272 --- [book-recommend] [           main] trationDelegate$BeanPostProcessorChecker : Bean 'loadBalancerServiceInstanceCookieTransformer' of type [org.springframework.cloud.loadbalancer.core.LoadBalancerServiceInstanceCookieTransformer] is not eligible for getting processed by all BeanPostProcessors (for example: not eligible for auto-proxying). Is this bean getting eagerly injected into a currently created BeanPostProcessor [lbRestClientPostProcessor]? Check the corresponding BeanPostProcessor declaration and its dependencies.
2026-04-22T21:43:07.125+08:00  WARN 31272 --- [book-recommend] [           main] trationDelegate$BeanPostProcessorChecker : Bean 'xForwarderHeadersTransformer' of type [org.springframework.cloud.loadbalancer.blocking.XForwardedHeadersTransformer] is not eligible for getting processed by all BeanPostProcessors (for example: not eligible for auto-proxying). Is this bean getting eagerly injected into a currently created BeanPostProcessor [lbRestClientPostProcessor]? Check the corresponding BeanPostProcessor declaration and its dependencies.
2026-04-22T21:43:07.125+08:00  WARN 31272 --- [book-recommend] [           main] trationDelegate$BeanPostProcessorChecker : Bean 'org.springframework.cloud.client.loadbalancer.LoadBalancerAutoConfiguration' of type [org.springframework.cloud.client.loadbalancer.LoadBalancerAutoConfiguration] is not eligible for getting processed by all BeanPostProcessors (for example: not eligible for auto-proxying). Is this bean getting eagerly injected into a currently created BeanPostProcessor [lbRestClientPostProcessor]? Check the corresponding BeanPostProcessor declaration and its dependencies.
2026-04-22T21:43:07.126+08:00  WARN 31272 --- [book-recommend] [           main] trationDelegate$BeanPostProcessorChecker : Bean 'loadBalancerRequestFactory' of type [org.springframework.cloud.client.loadbalancer.LoadBalancerRequestFactory] is not eligible for getting processed by all BeanPostProcessors (for example: not eligible for auto-proxying). Is this bean getting eagerly injected into a currently created BeanPostProcessor [lbRestClientPostProcessor]? Check the corresponding BeanPostProcessor declaration and its dependencies.
2026-04-22T21:43:07.128+08:00  WARN 31272 --- [book-recommend] [           main] trationDelegate$BeanPostProcessorChecker : Bean 'loadBalancerInterceptor' of type [org.springframework.cloud.client.loadbalancer.LoadBalancerInterceptor] is not eligible for getting processed by all BeanPostProcessors (for example: not eligible for auto-proxying). Is this bean getting eagerly injected into a currently created BeanPostProcessor [lbRestClientPostProcessor]? Check the corresponding BeanPostProcessor declaration and its dependencies.
2026-04-22T21:43:07.362+08:00  INFO 31272 --- [book-recommend] [           main] o.s.b.w.embedded.tomcat.TomcatWebServer  : Tomcat initialized with port 8084 (http)
2026-04-22T21:43:07.385+08:00  INFO 31272 --- [book-recommend] [           main] o.apache.catalina.core.StandardService   : Starting service [Tomcat]
2026-04-22T21:43:07.386+08:00  INFO 31272 --- [book-recommend] [           main] o.apache.catalina.core.StandardEngine    : Starting Servlet engine: [Apache Tomcat/10.1.19]
2026-04-22T21:43:07.468+08:00  INFO 31272 --- [book-recommend] [           main] o.a.c.c.C.[Tomcat].[localhost].[/]       : Initializing Spring embedded WebApplicationContext
2026-04-22T21:43:07.469+08:00  INFO 31272 --- [book-recommend] [           main] w.s.c.ServletWebServerApplicationContext : Root WebApplicationContext: initialization completed in 1451 ms
2026-04-22T21:43:07.615+08:00  INFO 31272 --- [book-recommend] [           main] o.s.c.openfeign.FeignClientFactoryBean   : For 'book-book' URL not provided. Will try picking an instance via load-balancing.
2026-04-22T21:43:07.653+08:00  INFO 31272 --- [book-recommend] [           main] o.s.c.openfeign.FeignClientFactoryBean   : For 'book-record' URL not provided. Will try picking an instance via load-balancing.
2026-04-22T21:43:09.263+08:00  INFO 31272 --- [book-recommend] [           main] o.s.cloud.commons.util.InetUtils         : Cannot determine local hostname
 _ _   |_  _ _|_. ___ _ |    _ 
| | |\/|_)(_| | |_\  |_)||_|_\ 
     /               |         
                        3.5.7 
2026-04-22T21:43:12.448+08:00  INFO 31272 --- [book-recommend] [           main] o.s.cloud.commons.util.InetUtils         : Cannot determine local hostname
2026-04-22T21:43:12.467+08:00  WARN 31272 --- [book-recommend] [           main] iguration$LoadBalancerCaffeineWarnLogger : Spring Cloud LoadBalancer is currently working with the default cache. While this cache implementation is useful for development and tests, it's recommended to use Caffeine cache in production.You can switch to using Caffeine cache, by adding it and org.springframework.cache.caffeine.CaffeineCacheManager to the classpath.
2026-04-22T21:43:12.508+08:00  INFO 31272 --- [book-recommend] [           main] o.s.b.w.embedded.tomcat.TomcatWebServer  : Tomcat started on port 8084 (http) with context path ''
2026-04-22T21:43:12.517+08:00  INFO 31272 --- [book-recommend] [           main] com.alibaba.nacos.client.naming          : initializer namespace from ans.namespace attribute : null
2026-04-22T21:43:12.518+08:00  INFO 31272 --- [book-recommend] [           main] com.alibaba.nacos.client.naming          : initializer namespace from ALIBABA_ALIWARE_NAMESPACE attribute :null
2026-04-22T21:43:12.519+08:00  INFO 31272 --- [book-recommend] [           main] com.alibaba.nacos.client.naming          : initializer namespace from namespace attribute :null
2026-04-22T21:43:12.531+08:00  INFO 31272 --- [book-recommend] [           main] c.a.n.p.a.s.c.ClientAuthPluginManager    : [ClientAuthPluginManager] Load ClientAuthService com.alibaba.nacos.client.auth.impl.NacosClientAuthServiceImpl success.
2026-04-22T21:43:12.531+08:00  INFO 31272 --- [book-recommend] [           main] c.a.n.p.a.s.c.ClientAuthPluginManager    : [ClientAuthPluginManager] Load ClientAuthService com.alibaba.nacos.client.auth.ram.RamClientAuthServiceImpl success.
2026-04-22T21:43:12.611+08:00  INFO 31272 --- [book-recommend] [           main] com.alibaba.nacos.common.remote.client   : [RpcClientFactory] create a new rpc client of 852110e4-bcd8-4a41-81a3-7ce1ffb255f3
2026-04-22T21:43:12.613+08:00  INFO 31272 --- [book-recommend] [           main] com.alibaba.nacos.common.remote.client   : [852110e4-bcd8-4a41-81a3-7ce1ffb255f3] RpcClient init, ServerListFactory = com.alibaba.nacos.client.naming.core.ServerListManager
2026-04-22T21:43:12.613+08:00  INFO 31272 --- [book-recommend] [           main] com.alibaba.nacos.common.remote.client   : [852110e4-bcd8-4a41-81a3-7ce1ffb255f3] Registry connection listener to current client:com.alibaba.nacos.client.naming.remote.gprc.redo.NamingGrpcRedoService
2026-04-22T21:43:12.614+08:00  INFO 31272 --- [book-recommend] [           main] com.alibaba.nacos.common.remote.client   : [852110e4-bcd8-4a41-81a3-7ce1ffb255f3] Register server push request handler:com.alibaba.nacos.client.naming.remote.gprc.NamingPushRequestHandler
2026-04-22T21:43:12.614+08:00  INFO 31272 --- [book-recommend] [           main] com.alibaba.nacos.common.remote.client   : [852110e4-bcd8-4a41-81a3-7ce1ffb255f3] Try to connect to server on start up, server: {serverIp = '192.168.101.128', server main port = 8848}
2026-04-22T21:43:12.614+08:00  INFO 31272 --- [book-recommend] [           main] c.a.n.c.remote.client.grpc.GrpcClient    : grpc client connection server:192.168.101.128 ip,serverPort:9848,grpcTslConfig:{"sslProvider":"OPENSSL","enableTls":false,"mutualAuthEnable":false,"trustAll":false}
2026-04-22T21:43:12.742+08:00  INFO 31272 --- [book-recommend] [           main] com.alibaba.nacos.common.remote.client   : [852110e4-bcd8-4a41-81a3-7ce1ffb255f3] Success to connect to server [192.168.101.128:8848] on start up, connectionId = 1776865392365_192.168.101.1_64209
2026-04-22T21:43:12.742+08:00  INFO 31272 --- [book-recommend] [           main] com.alibaba.nacos.common.remote.client   : [852110e4-bcd8-4a41-81a3-7ce1ffb255f3] Register server push request handler:com.alibaba.nacos.common.remote.client.RpcClient$ConnectResetRequestHandler
2026-04-22T21:43:12.742+08:00  INFO 31272 --- [book-recommend] [           main] com.alibaba.nacos.common.remote.client   : [852110e4-bcd8-4a41-81a3-7ce1ffb255f3] Register server push request handler:com.alibaba.nacos.common.remote.client.RpcClient$$Lambda$296/0x0000000800f31ad0
2026-04-22T21:43:12.742+08:00  INFO 31272 --- [book-recommend] [t.remote.worker] com.alibaba.nacos.common.remote.client   : [852110e4-bcd8-4a41-81a3-7ce1ffb255f3] Notify connected event to listeners.
2026-04-22T21:43:12.742+08:00  INFO 31272 --- [book-recommend] [t.remote.worker] com.alibaba.nacos.client.naming          : Grpc connection connect
2026-04-22T21:43:12.743+08:00  INFO 31272 --- [book-recommend] [           main] com.alibaba.nacos.client.naming          : [REGISTER-SERVICE] f447a694-519a-4255-95f9-bcbb5a5d636 registering service book-recommend with instance Instance{instanceId='null', ip='192.168.80.1', port=8084, weight=1.0, healthy=true, enabled=true, ephemeral=true, clusterName='DEFAULT', serviceName='null', metadata={IPv6=[2408:8453:1268:7d6b:b0a6:3e19:4e32:9daa], preserved.register.source=SPRING_CLOUD}}
2026-04-22T21:43:12.759+08:00  INFO 31272 --- [book-recommend] [           main] c.a.c.n.registry.NacosServiceRegistry    : nacos registry, DEFAULT_GROUP book-recommend 192.168.80.1:8084 register finished
2026-04-22T21:43:14.073+08:00  INFO 31272 --- [book-recommend] [           main] o.s.cloud.commons.util.InetUtils         : Cannot determine local hostname
2026-04-22T21:43:14.081+08:00  INFO 31272 --- [book-recommend] [           main] c.book.recommend.RecommendApplication    : Started RecommendApplication in 13.761 seconds (process running for 14.345)
2026-04-22T21:43:14.081+08:00  INFO 31272 --- [book-recommend] [           main] c.a.nacos.client.config.impl.CacheData   : nacos.cache.data.init.snapshot = true 
2026-04-22T21:43:14.081+08:00  INFO 31272 --- [book-recommend] [           main] c.a.n.client.config.impl.ClientWorker    : [fixed-f447a694-519a-4255-95f9-bcbb5a5d636-192.168.101.128_8848] [subscribe] book-recommend-dev.yaml+DEFAULT_GROUP+f447a694-519a-4255-95f9-bcbb5a5d636
2026-04-22T21:43:14.097+08:00  INFO 31272 --- [book-recommend] [           main] c.a.nacos.client.config.impl.CacheData   : [fixed-f447a694-519a-4255-95f9-bcbb5a5d636-192.168.101.128_8848] [add-listener] ok, tenant=f447a694-519a-4255-95f9-bcbb5a5d636, dataId=book-recommend-dev.yaml, group=DEFAULT_GROUP, cnt=1
2026-04-22T21:43:14.097+08:00  INFO 31272 --- [book-recommend] [           main] c.a.c.n.refresh.NacosContextRefresher    : [Nacos Config] Listening config: dataId=book-recommend-dev.yaml, group=DEFAULT_GROUP
2026-04-22T21:43:14.097+08:00  INFO 31272 --- [book-recommend] [           main] c.a.n.client.config.impl.ClientWorker    : [fixed-f447a694-519a-4255-95f9-bcbb5a5d636-192.168.101.128_8848] [subscribe] book-recommend+DEFAULT_GROUP+f447a694-519a-4255-95f9-bcbb5a5d636
2026-04-22T21:43:14.098+08:00  INFO 31272 --- [book-recommend] [           main] c.a.nacos.client.config.impl.CacheData   : [fixed-f447a694-519a-4255-95f9-bcbb5a5d636-192.168.101.128_8848] [add-listener] ok, tenant=f447a694-519a-4255-95f9-bcbb5a5d636, dataId=book-recommend, group=DEFAULT_GROUP, cnt=1
2026-04-22T21:43:14.098+08:00  INFO 31272 --- [book-recommend] [           main] c.a.c.n.refresh.NacosContextRefresher    : [Nacos Config] Listening config: dataId=book-recommend, group=DEFAULT_GROUP
2026-04-22T21:43:14.098+08:00  INFO 31272 --- [book-recommend] [           main] c.a.n.client.config.impl.ClientWorker    : [fixed-f447a694-519a-4255-95f9-bcbb5a5d636-192.168.101.128_8848] [subscribe] book-recommend.yaml+DEFAULT_GROUP+f447a694-519a-4255-95f9-bcbb5a5d636
2026-04-22T21:43:14.098+08:00  INFO 31272 --- [book-recommend] [           main] c.a.nacos.client.config.impl.CacheData   : [fixed-f447a694-519a-4255-95f9-bcbb5a5d636-192.168.101.128_8848] [add-listener] ok, tenant=f447a694-519a-4255-95f9-bcbb5a5d636, dataId=book-recommend.yaml, group=DEFAULT_GROUP, cnt=1
2026-04-22T21:43:14.098+08:00  INFO 31272 --- [book-recommend] [           main] c.a.c.n.refresh.NacosContextRefresher    : [Nacos Config] Listening config: dataId=book-recommend.yaml, group=DEFAULT_GROUP
2026-04-22T21:43:14.098+08:00  INFO 31272 --- [book-recommend] [           main] c.a.n.client.config.impl.ClientWorker    : [fixed-f447a694-519a-4255-95f9-bcbb5a5d636-192.168.101.128_8848] [subscribe] book-dev.yaml+DEFAULT_GROUP+f447a694-519a-4255-95f9-bcbb5a5d636
2026-04-22T21:43:14.099+08:00  INFO 31272 --- [book-recommend] [           main] c.a.nacos.client.config.impl.CacheData   : [fixed-f447a694-519a-4255-95f9-bcbb5a5d636-192.168.101.128_8848] [add-listener] ok, tenant=f447a694-519a-4255-95f9-bcbb5a5d636, dataId=book-dev.yaml, group=DEFAULT_GROUP, cnt=1
2026-04-22T21:43:14.099+08:00  INFO 31272 --- [book-recommend] [           main] c.a.c.n.refresh.NacosContextRefresher    : [Nacos Config] Listening config: dataId=book-dev.yaml, group=DEFAULT_GROUP
2026-04-22T21:50:58.014+08:00  INFO 31272 --- [book-recommend] [168.101.128-127] com.alibaba.nacos.common.remote.client   : [220181a6-77ad-4ffd-bc19-be3e9c2f9840_config-0] Receive server push request, request = ConfigChangeNotifyRequest, requestId = 6
2026-04-22T21:50:58.014+08:00  INFO 31272 --- [book-recommend] [168.101.128-127] c.a.n.client.config.impl.ClientWorker    : [220181a6-77ad-4ffd-bc19-be3e9c2f9840_config-0] [server-push] config changed. dataId=book-dev.yaml, group=DEFAULT_GROUP,tenant=f447a694-519a-4255-95f9-bcbb5a5d636
2026-04-22T21:50:58.015+08:00  INFO 31272 --- [book-recommend] [168.101.128-127] com.alibaba.nacos.common.remote.client   : [220181a6-77ad-4ffd-bc19-be3e9c2f9840_config-0] Ack server push request, request = ConfigChangeNotifyRequest, requestId = 6
2026-04-22T21:50:58.042+08:00  INFO 31272 --- [book-recommend] [s.client.Worker] c.a.n.client.config.impl.ClientWorker    : [fixed-f447a694-519a-4255-95f9-bcbb5a5d636-192.168.101.128_8848] [data-received] dataId=book-dev.yaml, group=DEFAULT_GROUP, tenant=f447a694-519a-4255-95f9-bcbb5a5d636, md5=c9888e533566fef41eade260b73e43cc, content=spring:
  data:
    redis:
      host: 192.168.101.128
      port: 6379
      password:
      databa..., type=yaml
2026-04-22T21:50:58.044+08:00  INFO 31272 --- [book-recommend] [s.client.Worker] c.a.nacos.client.config.impl.CacheData   : [fixed-f447a694-519a-4255-95f9-bcbb5a5d636-192.168.101.128_8848] [notify-listener] time cost=0ms in ClientWorker, dataId=book-dev.yaml, group=DEFAULT_GROUP, md5=c9888e533566fef41eade260b73e43cc, listener=com.alibaba.cloud.nacos.refresh.NacosContextRefresher$1@1989d947 
2026-04-22T21:50:58.044+08:00  INFO 31272 --- [book-recommend] [ternal.notifier] c.a.nacos.client.config.impl.CacheData   : [fixed-f447a694-519a-4255-95f9-bcbb5a5d636-192.168.101.128_8848] [notify-context] dataId=book-dev.yaml, group=DEFAULT_GROUP, md5=c9888e533566fef41eade260b73e43cc
2026-04-22T21:50:59.483+08:00  INFO 31272 --- [book-recommend] [ternal.notifier] o.s.cloud.commons.util.InetUtils         : Cannot determine local hostname
2026-04-22T21:50:59.570+08:00  WARN 31272 --- [book-recommend] [ternal.notifier] c.a.nacos.client.logging.NacosLogging    : Load Logback Configuration of Nacos fail, message: Could not initialize Logback Nacos logging from classpath:nacos-logback.xml
2026-04-22T21:50:59.578+08:00  WARN 31272 --- [book-recommend] [ternal.notifier] c.a.nacos.client.logging.NacosLogging    : Load Logback Configuration of Nacos fail, message: Could not initialize Logback Nacos logging from classpath:nacos-logback.xml
2026-04-22T21:50:59.580+08:00  INFO 31272 --- [book-recommend] [ternal.notifier] c.a.c.n.c.NacosConfigDataLoader          : [Nacos Config] Load config[dataId=book-dev.yaml, group=DEFAULT_GROUP] success
2026-04-22T21:50:59.620+08:00  WARN 31272 --- [book-recommend] [ternal.notifier] c.a.nacos.client.logging.NacosLogging    : Load Logback Configuration of Nacos fail, message: Could not initialize Logback Nacos logging from classpath:nacos-logback.xml
2026-04-22T21:50:59.655+08:00  WARN 31272 --- [book-recommend] [ternal.notifier] c.a.c.n.c.NacosPropertySourceBuilder     : Ignore the empty nacos configuration and get it based on dataId[book-recommend] & group[DEFAULT_GROUP]
2026-04-22T21:50:59.684+08:00  WARN 31272 --- [book-recommend] [ternal.notifier] c.a.c.n.c.NacosPropertySourceBuilder     : Ignore the empty nacos configuration and get it based on dataId[book-recommend-dev.yaml] & group[DEFAULT_GROUP]
2026-04-22T21:50:59.684+08:00  INFO 31272 --- [book-recommend] [ternal.notifier] b.c.PropertySourceBootstrapConfiguration : Located property source: [BootstrapPropertySource {name='bootstrapProperties-book-recommend-dev.yaml,DEFAULT_GROUP'}, BootstrapPropertySource {name='bootstrapProperties-book-recommend.yaml,DEFAULT_GROUP'}, BootstrapPropertySource {name='bootstrapProperties-book-recommend,DEFAULT_GROUP'}, BootstrapPropertySource {name='bootstrapProperties-book-dev.yaml,DEFAULT_GROUP'}]
2026-04-22T21:50:59.690+08:00  WARN 31272 --- [book-recommend] [ternal.notifier] c.a.nacos.client.logging.NacosLogging    : Load Logback Configuration of Nacos fail, message: Could not initialize Logback Nacos logging from classpath:nacos-logback.xml
2026-04-22T21:50:59.690+08:00  INFO 31272 --- [book-recommend] [ternal.notifier] o.s.boot.SpringApplication               : The following 1 profile is active: "dev"
2026-04-22T21:50:59.699+08:00  INFO 31272 --- [book-recommend] [ternal.notifier] o.s.boot.SpringApplication               : Started application in 1.64 seconds (process running for 479.962)
2026-04-22T21:50:59.785+08:00  INFO 31272 --- [book-recommend] [ternal.notifier] o.s.c.e.event.RefreshEventListener       : Refresh keys changed: [book.datasource.dev.url]
2026-04-22T21:50:59.785+08:00  INFO 31272 --- [book-recommend] [ternal.notifier] c.a.nacos.client.config.impl.CacheData   : [fixed-f447a694-519a-4255-95f9-bcbb5a5d636-192.168.101.128_8848] [notify-ok] dataId=book-dev.yaml, group=DEFAULT_GROUP, md5=c9888e533566fef41eade260b73e43cc, listener=com.alibaba.cloud.nacos.refresh.NacosContextRefresher$1@1989d947 ,cost=1741 millis.
2026-04-22T21:54:00.925+08:00  INFO 31272 --- [book-recommend] [nio-8084-exec-1] o.a.c.c.C.[Tomcat].[localhost].[/]       : Initializing Spring DispatcherServlet 'dispatcherServlet'
2026-04-22T21:54:00.925+08:00  INFO 31272 --- [book-recommend] [nio-8084-exec-1] o.s.web.servlet.DispatcherServlet        : Initializing Servlet 'dispatcherServlet'
2026-04-22T21:54:00.925+08:00  INFO 31272 --- [book-recommend] [nio-8084-exec-1] o.s.web.servlet.DispatcherServlet        : Completed initialization in 0 ms
2026-04-22T21:54:01.045+08:00  INFO 31272 --- [book-recommend] [nio-8084-exec-1] com.alibaba.nacos.client.naming          : [SUBSCRIBE-SERVICE] service:book-book, group:DEFAULT_GROUP, clusters: 
2026-04-22T21:54:01.058+08:00  INFO 31272 --- [book-recommend] [nio-8084-exec-1] com.alibaba.nacos.client.naming          : init new ips(1) service: DEFAULT_GROUP@@book-book -> [{"instanceId":"192.168.80.1#8082#DEFAULT#DEFAULT_GROUP@@book-book","ip":"192.168.80.1","port":8082,"weight":1.0,"healthy":true,"enabled":true,"ephemeral":true,"clusterName":"DEFAULT","serviceName":"DEFAULT_GROUP@@book-book","metadata":{"preserved.register.source":"SPRING_CLOUD","IPv6":"[2408:8453:1268:7d6b:b0a6:3e19:4e32:9daa]"},"ipDeleteTimeout":30000,"instanceHeartBeatInterval":5000,"instanceHeartBeatTimeOut":15000}]
2026-04-22T21:54:01.059+08:00  INFO 31272 --- [book-recommend] [nio-8084-exec-1] com.alibaba.nacos.client.naming          : current ips:(1) service: DEFAULT_GROUP@@book-book -> [{"instanceId":"192.168.80.1#8082#DEFAULT#DEFAULT_GROUP@@book-book","ip":"192.168.80.1","port":8082,"weight":1.0,"healthy":true,"enabled":true,"ephemeral":true,"clusterName":"DEFAULT","serviceName":"DEFAULT_GROUP@@book-book","metadata":{"preserved.register.source":"SPRING_CLOUD","IPv6":"[2408:8453:1268:7d6b:b0a6:3e19:4e32:9daa]"},"ipDeleteTimeout":30000,"instanceHeartBeatInterval":5000,"instanceHeartBeatTimeOut":15000}]
2026-04-22T21:54:01.128+08:00  INFO 31272 --- [book-recommend] [nio-8084-exec-1] com.alibaba.nacos.client.naming          : [SUBSCRIBE-SERVICE] service:book-record, group:DEFAULT_GROUP, clusters: 
2026-04-22T21:54:01.133+08:00  INFO 31272 --- [book-recommend] [nio-8084-exec-1] com.alibaba.nacos.client.naming          : init new ips(1) service: DEFAULT_GROUP@@book-record -> [{"instanceId":"192.168.80.1#8083#DEFAULT#DEFAULT_GROUP@@book-record","ip":"192.168.80.1","port":8083,"weight":1.0,"healthy":true,"enabled":true,"ephemeral":true,"clusterName":"DEFAULT","serviceName":"DEFAULT_GROUP@@book-record","metadata":{"preserved.register.source":"SPRING_CLOUD","IPv6":"[2408:8453:1268:7d6b:b0a6:3e19:4e32:9daa]"},"ipDeleteTimeout":30000,"instanceHeartBeatInterval":5000,"instanceHeartBeatTimeOut":15000}]
2026-04-22T21:54:01.134+08:00  INFO 31272 --- [book-recommend] [nio-8084-exec-1] com.alibaba.nacos.client.naming          : current ips:(1) service: DEFAULT_GROUP@@book-record -> [{"instanceId":"192.168.80.1#8083#DEFAULT#DEFAULT_GROUP@@book-record","ip":"192.168.80.1","port":8083,"weight":1.0,"healthy":true,"enabled":true,"ephemeral":true,"clusterName":"DEFAULT","serviceName":"DEFAULT_GROUP@@book-record","metadata":{"preserved.register.source":"SPRING_CLOUD","IPv6":"[2408:8453:1268:7d6b:b0a6:3e19:4e32:9daa]"},"ipDeleteTimeout":30000,"instanceHeartBeatInterval":5000,"instanceHeartBeatTimeOut":15000}]
2026-04-22T21:54:01.338+08:00  INFO 31272 --- [book-recommend] [168.101.128-155] com.alibaba.nacos.common.remote.client   : [852110e4-bcd8-4a41-81a3-7ce1ffb255f3] Receive server push request, request = NotifySubscriberRequest, requestId = 11
2026-04-22T21:54:01.339+08:00  INFO 31272 --- [book-recommend] [168.101.128-155] com.alibaba.nacos.common.remote.client   : [852110e4-bcd8-4a41-81a3-7ce1ffb255f3] Ack server push request, request = NotifySubscriberRequest, requestId = 11
2026-04-22T21:54:01.634+08:00  INFO 31272 --- [book-recommend] [168.101.128-156] com.alibaba.nacos.common.remote.client   : [852110e4-bcd8-4a41-81a3-7ce1ffb255f3] Receive server push request, request = NotifySubscriberRequest, requestId = 13
2026-04-22T21:54:01.634+08:00  INFO 31272 --- [book-recommend] [168.101.128-156] com.alibaba.nacos.common.remote.client   : [852110e4-bcd8-4a41-81a3-7ce1ffb255f3] Ack server push request, request = NotifySubscriberRequest, requestId = 13
[INFO] ------------------------------------------------------------------------
[INFO] BUILD FAILURE
[INFO] ------------------------------------------------------------------------
[INFO] Total time:  25:46 min
[INFO] Finished at: 2026-04-22T22:08:33+08:00
[INFO] ------------------------------------------------------------------------
[ERROR] Failed to execute goal org.springframework.boot:spring-boot-maven-plugin:3.2.4:run (default-cli) on project book-recommend: Process terminated with exit code: -1 -> [Help 1]
[ERROR] 
[ERROR] To see the full stack trace of the errors, re-run Maven with the -e switch.
[ERROR] Re-run Maven using the -X switch to enable full debug logging.
[ERROR] 
[ERROR] For more information about the errors and possible solutions, please read the following articles:
[ERROR] [Help 1] http://cwiki.apache.org/confluence/display/MAVEN/MojoExecutionException
