[INFO] Scanning for projects...
[INFO] 
[INFO] -------------------------< com.book:book-user >-------------------------
[INFO] Building book-user 1.0.0
[INFO] --------------------------------[ jar ]---------------------------------
[INFO] 
[INFO] >>> spring-boot-maven-plugin:3.2.4:run (default-cli) > test-compile @ book-user >>>
[INFO] 
[INFO] --- maven-resources-plugin:3.3.1:resources (default-resources) @ book-user ---
[INFO] Copying 1 resource from src\main\resources to target\classes
[INFO] Copying 1 resource from src\main\resources to target\classes
[INFO] 
[INFO] --- maven-compiler-plugin:3.11.0:compile (default-compile) @ book-user ---
[INFO] Nothing to compile - all classes are up to date
[INFO] 
[INFO] --- maven-resources-plugin:3.3.1:testResources (default-testResources) @ book-user ---
[INFO] skip non existing resourceDirectory D:\dddjava\ai-opencode\book\book-system\book-user\src\test\resources
[INFO] 
[INFO] --- maven-compiler-plugin:3.11.0:testCompile (default-testCompile) @ book-user ---
[INFO] No sources to compile
[INFO] 
[INFO] <<< spring-boot-maven-plugin:3.2.4:run (default-cli) < test-compile @ book-user <<<
[INFO] 
[INFO] 
[INFO] --- spring-boot-maven-plugin:3.2.4:run (default-cli) @ book-user ---
[INFO] Attaching agents: []
2026-04-22T21:53:15.616+08:00  WARN 26396 --- [book-user] [           main] c.a.nacos.client.logging.NacosLogging    : Load Logback Configuration of Nacos fail, message: Could not initialize Logback Nacos logging from classpath:nacos-logback.xml
2026-04-22T21:53:15.682+08:00  WARN 26396 --- [book-user] [           main] c.a.nacos.client.logging.NacosLogging    : Load Logback Configuration of Nacos fail, message: Could not initialize Logback Nacos logging from classpath:nacos-logback.xml
2026-04-22T21:53:15.704+08:00  INFO 26396 --- [book-user] [           main] c.a.c.n.c.NacosConfigDataLoader          : [Nacos Config] Load config[dataId=book-dev.yaml, group=DEFAULT_GROUP] success
2026-04-22T21:53:17.184+08:00  WARN 26396 --- [book-user] [           main] c.a.nacos.client.logging.NacosLogging    : Load Logback Configuration of Nacos fail, message: Could not initialize Logback Nacos logging from classpath:nacos-logback.xml

  .   ____          _            __ _ _
 /\\ / ___'_ __ _ _(_)_ __  __ _ \ \ \ \
( ( )\___ | '_ | '_| | '_ \/ _` | \ \ \ \
 \\/  ___)| |_)| | | | | || (_| |  ) ) ) )
  '  |____| .__|_| |_|_| |_\__, | / / / /
 =========|_|==============|___/=/_/_/_/
 :: Spring Boot ::                (v3.2.4)

2026-04-22T21:53:17.216+08:00  WARN 26396 --- [book-user] [           main] c.a.c.n.c.NacosPropertySourceBuilder     : Ignore the empty nacos configuration and get it based on dataId[book-user] & group[DEFAULT_GROUP]
2026-04-22T21:53:17.233+08:00  WARN 26396 --- [book-user] [           main] c.a.c.n.c.NacosPropertySourceBuilder     : Ignore the empty nacos configuration and get it based on dataId[book-user-dev.yaml] & group[DEFAULT_GROUP]
2026-04-22T21:53:17.234+08:00  INFO 26396 --- [book-user] [           main] b.c.PropertySourceBootstrapConfiguration : Located property source: [BootstrapPropertySource {name='bootstrapProperties-book-user-dev.yaml,DEFAULT_GROUP'}, BootstrapPropertySource {name='bootstrapProperties-book-user.yaml,DEFAULT_GROUP'}, BootstrapPropertySource {name='bootstrapProperties-book-user,DEFAULT_GROUP'}, BootstrapPropertySource {name='bootstrapProperties-book-dev.yaml,DEFAULT_GROUP'}]
2026-04-22T21:53:17.239+08:00  WARN 26396 --- [book-user] [           main] c.a.nacos.client.logging.NacosLogging    : Load Logback Configuration of Nacos fail, message: Could not initialize Logback Nacos logging from classpath:nacos-logback.xml
2026-04-22T21:53:17.239+08:00  INFO 26396 --- [book-user] [           main] com.book.user.UserApplication            : The following 1 profile is active: "dev"
2026-04-22T21:53:17.249+08:00  INFO 26396 --- [book-user] [           main] c.a.c.n.c.NacosConfigDataLoader          : [Nacos Config] Load config[dataId=book-dev.yaml, group=DEFAULT_GROUP] success
2026-04-22T21:53:17.714+08:00  INFO 26396 --- [book-user] [           main] o.s.cloud.context.scope.GenericScope     : BeanFactory id=f03fcfe6-5e16-36f4-954a-1e3b05331d8c
2026-04-22T21:53:17.966+08:00  INFO 26396 --- [book-user] [           main] o.s.b.w.embedded.tomcat.TomcatWebServer  : Tomcat initialized with port 8081 (http)
2026-04-22T21:53:17.978+08:00  INFO 26396 --- [book-user] [           main] o.apache.catalina.core.StandardService   : Starting service [Tomcat]
2026-04-22T21:53:17.978+08:00  INFO 26396 --- [book-user] [           main] o.apache.catalina.core.StandardEngine    : Starting Servlet engine: [Apache Tomcat/10.1.19]
2026-04-22T21:53:18.048+08:00  INFO 26396 --- [book-user] [           main] o.a.c.c.C.[Tomcat].[localhost].[/]       : Initializing Spring embedded WebApplicationContext
2026-04-22T21:53:18.049+08:00  INFO 26396 --- [book-user] [           main] w.s.c.ServletWebServerApplicationContext : Root WebApplicationContext: initialization completed in 799 ms
 _ _   |_  _ _|_. ___ _ |    _ 
| | |\/|_)(_| | |_\  |_)||_|_\ 
     /               |         
                        3.5.7 
2026-04-22T21:53:20.120+08:00  INFO 26396 --- [book-user] [           main] o.s.cloud.commons.util.InetUtils         : Cannot determine local hostname
2026-04-22T21:53:22.850+08:00  INFO 26396 --- [book-user] [           main] o.s.cloud.commons.util.InetUtils         : Cannot determine local hostname
2026-04-22T21:53:22.892+08:00  INFO 26396 --- [book-user] [           main] o.s.b.w.embedded.tomcat.TomcatWebServer  : Tomcat started on port 8081 (http) with context path ''
2026-04-22T21:53:22.897+08:00  INFO 26396 --- [book-user] [           main] com.alibaba.nacos.client.naming          : initializer namespace from ans.namespace attribute : null
2026-04-22T21:53:22.898+08:00  INFO 26396 --- [book-user] [           main] com.alibaba.nacos.client.naming          : initializer namespace from ALIBABA_ALIWARE_NAMESPACE attribute :null
2026-04-22T21:53:22.898+08:00  INFO 26396 --- [book-user] [           main] com.alibaba.nacos.client.naming          : initializer namespace from namespace attribute :null
2026-04-22T21:53:22.906+08:00  INFO 26396 --- [book-user] [           main] c.a.n.p.a.s.c.ClientAuthPluginManager    : [ClientAuthPluginManager] Load ClientAuthService com.alibaba.nacos.client.auth.impl.NacosClientAuthServiceImpl success.
2026-04-22T21:53:22.906+08:00  INFO 26396 --- [book-user] [           main] c.a.n.p.a.s.c.ClientAuthPluginManager    : [ClientAuthPluginManager] Load ClientAuthService com.alibaba.nacos.client.auth.ram.RamClientAuthServiceImpl success.
2026-04-22T21:53:22.981+08:00  INFO 26396 --- [book-user] [           main] com.alibaba.nacos.common.remote.client   : [RpcClientFactory] create a new rpc client of 0255da45-19b1-4d85-b530-745909840142
2026-04-22T21:53:22.981+08:00  INFO 26396 --- [book-user] [           main] com.alibaba.nacos.common.remote.client   : [0255da45-19b1-4d85-b530-745909840142] RpcClient init, ServerListFactory = com.alibaba.nacos.client.naming.core.ServerListManager
2026-04-22T21:53:22.981+08:00  INFO 26396 --- [book-user] [           main] com.alibaba.nacos.common.remote.client   : [0255da45-19b1-4d85-b530-745909840142] Registry connection listener to current client:com.alibaba.nacos.client.naming.remote.gprc.redo.NamingGrpcRedoService
2026-04-22T21:53:22.981+08:00  INFO 26396 --- [book-user] [           main] com.alibaba.nacos.common.remote.client   : [0255da45-19b1-4d85-b530-745909840142] Register server push request handler:com.alibaba.nacos.client.naming.remote.gprc.NamingPushRequestHandler
2026-04-22T21:53:22.981+08:00  INFO 26396 --- [book-user] [           main] com.alibaba.nacos.common.remote.client   : [0255da45-19b1-4d85-b530-745909840142] Try to connect to server on start up, server: {serverIp = '192.168.101.128', server main port = 8848}
2026-04-22T21:53:22.981+08:00  INFO 26396 --- [book-user] [           main] c.a.n.c.remote.client.grpc.GrpcClient    : grpc client connection server:192.168.101.128 ip,serverPort:9848,grpcTslConfig:{"sslProvider":"OPENSSL","enableTls":false,"mutualAuthEnable":false,"trustAll":false}
2026-04-22T21:53:23.106+08:00  INFO 26396 --- [book-user] [           main] com.alibaba.nacos.common.remote.client   : [0255da45-19b1-4d85-b530-745909840142] Success to connect to server [192.168.101.128:8848] on start up, connectionId = 1776866002721_192.168.101.1_50415
2026-04-22T21:53:23.106+08:00  INFO 26396 --- [book-user] [           main] com.alibaba.nacos.common.remote.client   : [0255da45-19b1-4d85-b530-745909840142] Register server push request handler:com.alibaba.nacos.common.remote.client.RpcClient$ConnectResetRequestHandler
2026-04-22T21:53:23.106+08:00  INFO 26396 --- [book-user] [t.remote.worker] com.alibaba.nacos.common.remote.client   : [0255da45-19b1-4d85-b530-745909840142] Notify connected event to listeners.
2026-04-22T21:53:23.106+08:00  INFO 26396 --- [book-user] [           main] com.alibaba.nacos.common.remote.client   : [0255da45-19b1-4d85-b530-745909840142] Register server push request handler:com.alibaba.nacos.common.remote.client.RpcClient$$Lambda$296/0x0000000800f31ad0
2026-04-22T21:53:23.106+08:00  INFO 26396 --- [book-user] [t.remote.worker] com.alibaba.nacos.client.naming          : Grpc connection connect
2026-04-22T21:53:23.107+08:00  INFO 26396 --- [book-user] [           main] com.alibaba.nacos.client.naming          : [REGISTER-SERVICE] f447a694-519a-4255-95f9-bcbb5a5d636 registering service book-user with instance Instance{instanceId='null', ip='192.168.80.1', port=8081, weight=1.0, healthy=true, enabled=true, ephemeral=true, clusterName='DEFAULT', serviceName='null', metadata={IPv6=[2408:8453:1268:7d6b:b0a6:3e19:4e32:9daa], preserved.register.source=SPRING_CLOUD}}
2026-04-22T21:53:23.120+08:00  INFO 26396 --- [book-user] [           main] c.a.c.n.registry.NacosServiceRegistry    : nacos registry, DEFAULT_GROUP book-user 192.168.80.1:8081 register finished
2026-04-22T21:53:24.432+08:00  INFO 26396 --- [book-user] [           main] o.s.cloud.commons.util.InetUtils         : Cannot determine local hostname
2026-04-22T21:53:24.439+08:00  INFO 26396 --- [book-user] [           main] com.book.user.UserApplication            : Started UserApplication in 12.124 seconds (process running for 12.451)
2026-04-22T21:53:24.439+08:00  INFO 26396 --- [book-user] [           main] c.a.nacos.client.config.impl.CacheData   : nacos.cache.data.init.snapshot = true 
2026-04-22T21:53:24.439+08:00  INFO 26396 --- [book-user] [           main] c.a.n.client.config.impl.ClientWorker    : [fixed-f447a694-519a-4255-95f9-bcbb5a5d636-192.168.101.128_8848] [subscribe] book-user+DEFAULT_GROUP+f447a694-519a-4255-95f9-bcbb5a5d636
2026-04-22T21:53:24.452+08:00  INFO 26396 --- [book-user] [           main] c.a.nacos.client.config.impl.CacheData   : [fixed-f447a694-519a-4255-95f9-bcbb5a5d636-192.168.101.128_8848] [add-listener] ok, tenant=f447a694-519a-4255-95f9-bcbb5a5d636, dataId=book-user, group=DEFAULT_GROUP, cnt=1
2026-04-22T21:53:24.452+08:00  INFO 26396 --- [book-user] [           main] c.a.c.n.refresh.NacosContextRefresher    : [Nacos Config] Listening config: dataId=book-user, group=DEFAULT_GROUP
2026-04-22T21:53:24.453+08:00  INFO 26396 --- [book-user] [           main] c.a.n.client.config.impl.ClientWorker    : [fixed-f447a694-519a-4255-95f9-bcbb5a5d636-192.168.101.128_8848] [subscribe] book-dev.yaml+DEFAULT_GROUP+f447a694-519a-4255-95f9-bcbb5a5d636
2026-04-22T21:53:24.453+08:00  INFO 26396 --- [book-user] [           main] c.a.nacos.client.config.impl.CacheData   : [fixed-f447a694-519a-4255-95f9-bcbb5a5d636-192.168.101.128_8848] [add-listener] ok, tenant=f447a694-519a-4255-95f9-bcbb5a5d636, dataId=book-dev.yaml, group=DEFAULT_GROUP, cnt=1
2026-04-22T21:53:24.453+08:00  INFO 26396 --- [book-user] [           main] c.a.c.n.refresh.NacosContextRefresher    : [Nacos Config] Listening config: dataId=book-dev.yaml, group=DEFAULT_GROUP
2026-04-22T21:53:24.454+08:00  INFO 26396 --- [book-user] [           main] c.a.n.client.config.impl.ClientWorker    : [fixed-f447a694-519a-4255-95f9-bcbb5a5d636-192.168.101.128_8848] [subscribe] book-user.yaml+DEFAULT_GROUP+f447a694-519a-4255-95f9-bcbb5a5d636
2026-04-22T21:53:24.454+08:00  INFO 26396 --- [book-user] [           main] c.a.nacos.client.config.impl.CacheData   : [fixed-f447a694-519a-4255-95f9-bcbb5a5d636-192.168.101.128_8848] [add-listener] ok, tenant=f447a694-519a-4255-95f9-bcbb5a5d636, dataId=book-user.yaml, group=DEFAULT_GROUP, cnt=1
2026-04-22T21:53:24.454+08:00  INFO 26396 --- [book-user] [           main] c.a.c.n.refresh.NacosContextRefresher    : [Nacos Config] Listening config: dataId=book-user.yaml, group=DEFAULT_GROUP
2026-04-22T21:53:24.454+08:00  INFO 26396 --- [book-user] [           main] c.a.n.client.config.impl.ClientWorker    : [fixed-f447a694-519a-4255-95f9-bcbb5a5d636-192.168.101.128_8848] [subscribe] book-user-dev.yaml+DEFAULT_GROUP+f447a694-519a-4255-95f9-bcbb5a5d636
2026-04-22T21:53:24.454+08:00  INFO 26396 --- [book-user] [           main] c.a.nacos.client.config.impl.CacheData   : [fixed-f447a694-519a-4255-95f9-bcbb5a5d636-192.168.101.128_8848] [add-listener] ok, tenant=f447a694-519a-4255-95f9-bcbb5a5d636, dataId=book-user-dev.yaml, group=DEFAULT_GROUP, cnt=1
2026-04-22T21:53:24.454+08:00  INFO 26396 --- [book-user] [           main] c.a.c.n.refresh.NacosContextRefresher    : [Nacos Config] Listening config: dataId=book-user-dev.yaml, group=DEFAULT_GROUP
2026-04-22T21:54:00.115+08:00  INFO 26396 --- [book-user] [nio-8081-exec-1] o.a.c.c.C.[Tomcat].[localhost].[/]       : Initializing Spring DispatcherServlet 'dispatcherServlet'
2026-04-22T21:54:00.115+08:00  INFO 26396 --- [book-user] [nio-8081-exec-1] o.s.web.servlet.DispatcherServlet        : Initializing Servlet 'dispatcherServlet'
2026-04-22T21:54:00.116+08:00  INFO 26396 --- [book-user] [nio-8081-exec-1] o.s.web.servlet.DispatcherServlet        : Completed initialization in 1 ms
2026-04-22T21:54:00.230+08:00  INFO 26396 --- [book-user] [nio-8081-exec-1] com.zaxxer.hikari.HikariDataSource       : HikariPool-1 - Starting...
2026-04-22T21:54:00.397+08:00  INFO 26396 --- [book-user] [nio-8081-exec-1] com.zaxxer.hikari.pool.HikariPool        : HikariPool-1 - Added connection com.mysql.cj.jdbc.ConnectionImpl@55d528cf
2026-04-22T21:54:00.399+08:00  INFO 26396 --- [book-user] [nio-8081-exec-1] com.zaxxer.hikari.HikariDataSource       : HikariPool-1 - Start completed.
[INFO] ------------------------------------------------------------------------
[INFO] BUILD FAILURE
[INFO] ------------------------------------------------------------------------
[INFO] Total time:  15:24 min
[INFO] Finished at: 2026-04-22T22:08:33+08:00
[INFO] ------------------------------------------------------------------------
[ERROR] Failed to execute goal org.springframework.boot:spring-boot-maven-plugin:3.2.4:run (default-cli) on project book-user: Process terminated with exit code: -1 -> [Help 1]
[ERROR] 
[ERROR] To see the full stack trace of the errors, re-run Maven with the -e switch.
[ERROR] Re-run Maven using the -X switch to enable full debug logging.
[ERROR] 
[ERROR] For more information about the errors and possible solutions, please read the following articles:
[ERROR] [Help 1] http://cwiki.apache.org/confluence/display/MAVEN/MojoExecutionException
