[INFO] Scanning for projects...
[INFO] 
[INFO] -----------------------< com.book:book-gateway >------------------------
[INFO] Building book-gateway 1.0.0
[INFO] --------------------------------[ jar ]---------------------------------
[INFO] 
[INFO] >>> spring-boot-maven-plugin:3.2.4:run (default-cli) > test-compile @ book-gateway >>>
[INFO] 
[INFO] --- maven-resources-plugin:3.3.1:resources (default-resources) @ book-gateway ---
[INFO] Copying 1 resource from src\main\resources to target\classes
[INFO] Copying 1 resource from src\main\resources to target\classes
[INFO] 
[INFO] --- maven-compiler-plugin:3.11.0:compile (default-compile) @ book-gateway ---
[INFO] Changes detected - recompiling the module! :source
[INFO] Compiling 2 source files with javac [debug release 17] to target\classes
[INFO] 
[INFO] --- maven-resources-plugin:3.3.1:testResources (default-testResources) @ book-gateway ---
[INFO] skip non existing resourceDirectory D:\dddjava\ai-opencode\book\book-system\book-gateway\src\test\resources
[INFO] 
[INFO] --- maven-compiler-plugin:3.11.0:testCompile (default-testCompile) @ book-gateway ---
[INFO] No sources to compile
[INFO] 
[INFO] <<< spring-boot-maven-plugin:3.2.4:run (default-cli) < test-compile @ book-gateway <<<
[INFO] 
[INFO] 
[INFO] --- spring-boot-maven-plugin:3.2.4:run (default-cli) @ book-gateway ---
[INFO] Attaching agents: []
2026-04-22T21:43:03.380+08:00  WARN 9260 --- [book-gateway] [           main] c.a.nacos.client.logging.NacosLogging    : Load Logback Configuration of Nacos fail, message: Could not initialize Logback Nacos logging from classpath:nacos-logback.xml
2026-04-22T21:43:03.476+08:00  WARN 9260 --- [book-gateway] [           main] c.a.nacos.client.logging.NacosLogging    : Load Logback Configuration of Nacos fail, message: Could not initialize Logback Nacos logging from classpath:nacos-logback.xml
2026-04-22T21:43:03.508+08:00  INFO 9260 --- [book-gateway] [           main] c.a.c.n.c.NacosConfigDataLoader          : [Nacos Config] Load config[dataId=book-dev.yaml, group=DEFAULT_GROUP] success
2026-04-22T21:43:05.329+08:00  WARN 9260 --- [book-gateway] [           main] c.a.nacos.client.logging.NacosLogging    : Load Logback Configuration of Nacos fail, message: Could not initialize Logback Nacos logging from classpath:nacos-logback.xml

  .   ____          _            __ _ _
 /\\ / ___'_ __ _ _(_)_ __  __ _ \ \ \ \
( ( )\___ | '_ | '_| | '_ \/ _` | \ \ \ \
 \\/  ___)| |_)| | | | | || (_| |  ) ) ) )
  '  |____| .__|_| |_|_| |_\__, | / / / /
 =========|_|==============|___/=/_/_/_/
 :: Spring Boot ::                (v3.2.4)

2026-04-22T21:43:05.369+08:00  WARN 9260 --- [book-gateway] [           main] c.a.c.n.c.NacosPropertySourceBuilder     : Ignore the empty nacos configuration and get it based on dataId[book-gateway] & group[DEFAULT_GROUP]
2026-04-22T21:43:05.391+08:00  WARN 9260 --- [book-gateway] [           main] c.a.c.n.c.NacosPropertySourceBuilder     : Ignore the empty nacos configuration and get it based on dataId[book-gateway-dev.yaml] & group[DEFAULT_GROUP]
2026-04-22T21:43:05.393+08:00  INFO 9260 --- [book-gateway] [           main] b.c.PropertySourceBootstrapConfiguration : Located property source: [BootstrapPropertySource {name='bootstrapProperties-book-gateway-dev.yaml,DEFAULT_GROUP'}, BootstrapPropertySource {name='bootstrapProperties-book-gateway.yaml,DEFAULT_GROUP'}, BootstrapPropertySource {name='bootstrapProperties-book-gateway,DEFAULT_GROUP'}, BootstrapPropertySource {name='bootstrapProperties-book-dev.yaml,DEFAULT_GROUP'}]
2026-04-22T21:43:05.399+08:00  WARN 9260 --- [book-gateway] [           main] c.a.nacos.client.logging.NacosLogging    : Load Logback Configuration of Nacos fail, message: Could not initialize Logback Nacos logging from classpath:nacos-logback.xml
2026-04-22T21:43:05.400+08:00  INFO 9260 --- [book-gateway] [           main] com.book.gateway.GatewayApplication      : The following 1 profile is active: "dev"
2026-04-22T21:43:05.407+08:00  INFO 9260 --- [book-gateway] [           main] c.a.c.n.c.NacosConfigDataLoader          : [Nacos Config] Load config[dataId=book-dev.yaml, group=DEFAULT_GROUP] success
2026-04-22T21:43:06.116+08:00  INFO 9260 --- [book-gateway] [           main] .s.d.r.c.RepositoryConfigurationDelegate : Multiple Spring Data modules found, entering strict repository configuration mode
2026-04-22T21:43:06.120+08:00  INFO 9260 --- [book-gateway] [           main] .s.d.r.c.RepositoryConfigurationDelegate : Bootstrapping Spring Data Redis repositories in DEFAULT mode.
2026-04-22T21:43:06.158+08:00  INFO 9260 --- [book-gateway] [           main] .s.d.r.c.RepositoryConfigurationDelegate : Finished Spring Data repository scanning in 12 ms. Found 0 Redis repository interfaces.
2026-04-22T21:43:06.442+08:00  INFO 9260 --- [book-gateway] [           main] o.s.cloud.context.scope.GenericScope     : BeanFactory id=94c2bebc-8858-380f-bcac-82dea36c6c67
2026-04-22T21:43:06.501+08:00  WARN 9260 --- [book-gateway] [           main] trationDelegate$BeanPostProcessorChecker : Bean 'org.springframework.cloud.client.loadbalancer.LoadBalancerAutoConfiguration$LoadBalancerInterceptorConfig' of type [org.springframework.cloud.client.loadbalancer.LoadBalancerAutoConfiguration$LoadBalancerInterceptorConfig] is not eligible for getting processed by all BeanPostProcessors (for example: not eligible for auto-proxying). The currently created BeanPostProcessor [lbRestClientPostProcessor] is declared through a non-static factory method on that class; consider declaring it as static instead.
2026-04-22T21:43:06.505+08:00  WARN 9260 --- [book-gateway] [           main] trationDelegate$BeanPostProcessorChecker : Bean 'org.springframework.cloud.loadbalancer.config.BlockingLoadBalancerClientAutoConfiguration' of type [org.springframework.cloud.loadbalancer.config.BlockingLoadBalancerClientAutoConfiguration] is not eligible for getting processed by all BeanPostProcessors (for example: not eligible for auto-proxying). Is this bean getting eagerly injected into a currently created BeanPostProcessor [lbRestClientPostProcessor]? Check the corresponding BeanPostProcessor declaration and its dependencies.
2026-04-22T21:43:06.507+08:00  WARN 9260 --- [book-gateway] [           main] trationDelegate$BeanPostProcessorChecker : Bean 'org.springframework.cloud.loadbalancer.config.LoadBalancerAutoConfiguration' of type [org.springframework.cloud.loadbalancer.config.LoadBalancerAutoConfiguration] is not eligible for getting processed by all BeanPostProcessors (for example: not eligible for auto-proxying). Is this bean getting eagerly injected into a currently created BeanPostProcessor [lbRestClientPostProcessor]? Check the corresponding BeanPostProcessor declaration and its dependencies.
2026-04-22T21:43:06.513+08:00  WARN 9260 --- [book-gateway] [           main] trationDelegate$BeanPostProcessorChecker : Bean 'org.springframework.cloud.commons.config.CommonsConfigAutoConfiguration' of type [org.springframework.cloud.commons.config.CommonsConfigAutoConfiguration] is not eligible for getting processed by all BeanPostProcessors (for example: not eligible for auto-proxying). Is this bean getting eagerly injected into a currently created BeanPostProcessor [lbRestClientPostProcessor]? Check the corresponding BeanPostProcessor declaration and its dependencies.
2026-04-22T21:43:06.515+08:00  WARN 9260 --- [book-gateway] [           main] trationDelegate$BeanPostProcessorChecker : Bean 'org.springframework.cloud.client.loadbalancer.LoadBalancerDefaultMappingsProviderAutoConfiguration' of type [org.springframework.cloud.client.loadbalancer.LoadBalancerDefaultMappingsProviderAutoConfiguration] is not eligible for getting processed by all BeanPostProcessors (for example: not eligible for auto-proxying). Is this bean getting eagerly injected into a currently created BeanPostProcessor [lbRestClientPostProcessor]? Check the corresponding BeanPostProcessor declaration and its dependencies.
2026-04-22T21:43:06.516+08:00  WARN 9260 --- [book-gateway] [           main] trationDelegate$BeanPostProcessorChecker : Bean 'loadBalancerClientsDefaultsMappingsProvider' of type [org.springframework.cloud.client.loadbalancer.LoadBalancerDefaultMappingsProviderAutoConfiguration$$Lambda$580/0x000000080114b000] is not eligible for getting processed by all BeanPostProcessors (for example: not eligible for auto-proxying). Is this bean getting eagerly injected into a currently created BeanPostProcessor [lbRestClientPostProcessor]? Check the corresponding BeanPostProcessor declaration and its dependencies.
2026-04-22T21:43:06.517+08:00  WARN 9260 --- [book-gateway] [           main] trationDelegate$BeanPostProcessorChecker : Bean 'defaultsBindHandlerAdvisor' of type [org.springframework.cloud.commons.config.DefaultsBindHandlerAdvisor] is not eligible for getting processed by all BeanPostProcessors (for example: not eligible for auto-proxying). Is this bean getting eagerly injected into a currently created BeanPostProcessor [lbRestClientPostProcessor]? Check the corresponding BeanPostProcessor declaration and its dependencies.
2026-04-22T21:43:06.525+08:00  WARN 9260 --- [book-gateway] [           main] trationDelegate$BeanPostProcessorChecker : Bean 'spring.cloud.loadbalancer-org.springframework.cloud.client.loadbalancer.LoadBalancerClientsProperties' of type [org.springframework.cloud.client.loadbalancer.LoadBalancerClientsProperties] is not eligible for getting processed by all BeanPostProcessors (for example: not eligible for auto-proxying). Is this bean getting eagerly injected into a currently created BeanPostProcessor [lbRestClientPostProcessor]? Check the corresponding BeanPostProcessor declaration and its dependencies.
2026-04-22T21:43:06.526+08:00  WARN 9260 --- [book-gateway] [           main] trationDelegate$BeanPostProcessorChecker : Bean 'default.org.springframework.cloud.loadbalancer.config.LoadBalancerAutoConfiguration.LoadBalancerClientSpecification' of type [org.springframework.cloud.loadbalancer.annotation.LoadBalancerClientSpecification] is not eligible for getting processed by all BeanPostProcessors (for example: not eligible for auto-proxying). Is this bean getting eagerly injected into a currently created BeanPostProcessor [lbRestClientPostProcessor]? Check the corresponding BeanPostProcessor declaration and its dependencies.
2026-04-22T21:43:06.526+08:00  WARN 9260 --- [book-gateway] [           main] trationDelegate$BeanPostProcessorChecker : Bean 'default.org.springframework.cloud.loadbalancer.config.BlockingLoadBalancerClientAutoConfiguration.LoadBalancerClientSpecification' of type [org.springframework.cloud.loadbalancer.annotation.LoadBalancerClientSpecification] is not eligible for getting processed by all BeanPostProcessors (for example: not eligible for auto-proxying). Is this bean getting eagerly injected into a currently created BeanPostProcessor [lbRestClientPostProcessor]? Check the corresponding BeanPostProcessor declaration and its dependencies.
2026-04-22T21:43:06.532+08:00  WARN 9260 --- [book-gateway] [           main] trationDelegate$BeanPostProcessorChecker : Bean 'loadBalancerClientFactory' of type [org.springframework.cloud.loadbalancer.support.LoadBalancerClientFactory] is not eligible for getting processed by all BeanPostProcessors (for example: not eligible for auto-proxying). Is this bean getting eagerly injected into a currently created BeanPostProcessor [lbRestClientPostProcessor]? Check the corresponding BeanPostProcessor declaration and its dependencies.
2026-04-22T21:43:06.535+08:00  WARN 9260 --- [book-gateway] [           main] trationDelegate$BeanPostProcessorChecker : Bean 'blockingLoadBalancerClient' of type [org.springframework.cloud.loadbalancer.blocking.client.BlockingLoadBalancerClient] is not eligible for getting processed by all BeanPostProcessors (for example: not eligible for auto-proxying). Is this bean getting eagerly injected into a currently created BeanPostProcessor [lbRestClientPostProcessor]? Check the corresponding BeanPostProcessor declaration and its dependencies.
2026-04-22T21:43:06.543+08:00  WARN 9260 --- [book-gateway] [           main] trationDelegate$BeanPostProcessorChecker : Bean 'loadBalancerServiceInstanceCookieTransformer' of type [org.springframework.cloud.loadbalancer.core.LoadBalancerServiceInstanceCookieTransformer] is not eligible for getting processed by all BeanPostProcessors (for example: not eligible for auto-proxying). Is this bean getting eagerly injected into a currently created BeanPostProcessor [lbRestClientPostProcessor]? Check the corresponding BeanPostProcessor declaration and its dependencies.
2026-04-22T21:43:06.545+08:00  WARN 9260 --- [book-gateway] [           main] trationDelegate$BeanPostProcessorChecker : Bean 'xForwarderHeadersTransformer' of type [org.springframework.cloud.loadbalancer.blocking.XForwardedHeadersTransformer] is not eligible for getting processed by all BeanPostProcessors (for example: not eligible for auto-proxying). Is this bean getting eagerly injected into a currently created BeanPostProcessor [lbRestClientPostProcessor]? Check the corresponding BeanPostProcessor declaration and its dependencies.
2026-04-22T21:43:06.546+08:00  WARN 9260 --- [book-gateway] [           main] trationDelegate$BeanPostProcessorChecker : Bean 'org.springframework.cloud.client.loadbalancer.LoadBalancerAutoConfiguration' of type [org.springframework.cloud.client.loadbalancer.LoadBalancerAutoConfiguration] is not eligible for getting processed by all BeanPostProcessors (for example: not eligible for auto-proxying). Is this bean getting eagerly injected into a currently created BeanPostProcessor [lbRestClientPostProcessor]? Check the corresponding BeanPostProcessor declaration and its dependencies.
2026-04-22T21:43:06.547+08:00  WARN 9260 --- [book-gateway] [           main] trationDelegate$BeanPostProcessorChecker : Bean 'loadBalancerRequestFactory' of type [org.springframework.cloud.client.loadbalancer.LoadBalancerRequestFactory] is not eligible for getting processed by all BeanPostProcessors (for example: not eligible for auto-proxying). Is this bean getting eagerly injected into a currently created BeanPostProcessor [lbRestClientPostProcessor]? Check the corresponding BeanPostProcessor declaration and its dependencies.
2026-04-22T21:43:06.549+08:00  WARN 9260 --- [book-gateway] [           main] trationDelegate$BeanPostProcessorChecker : Bean 'loadBalancerInterceptor' of type [org.springframework.cloud.client.loadbalancer.LoadBalancerInterceptor] is not eligible for getting processed by all BeanPostProcessors (for example: not eligible for auto-proxying). Is this bean getting eagerly injected into a currently created BeanPostProcessor [lbRestClientPostProcessor]? Check the corresponding BeanPostProcessor declaration and its dependencies.
2026-04-22T21:43:06.550+08:00  WARN 9260 --- [book-gateway] [           main] trationDelegate$BeanPostProcessorChecker : Bean 'org.springframework.cloud.client.loadbalancer.reactive.LoadBalancerBeanPostProcessorAutoConfiguration' of type [org.springframework.cloud.client.loadbalancer.reactive.LoadBalancerBeanPostProcessorAutoConfiguration] is not eligible for getting processed by all BeanPostProcessors (for example: not eligible for auto-proxying). The currently created BeanPostProcessor [loadBalancerWebClientBuilderBeanPostProcessor] is declared through a non-static factory method on that class; consider declaring it as static instead.
2026-04-22T21:43:06.551+08:00  WARN 9260 --- [book-gateway] [           main] trationDelegate$BeanPostProcessorChecker : Bean 'org.springframework.cloud.client.loadbalancer.reactive.LoadBalancerBeanPostProcessorAutoConfiguration$ReactorDeferringLoadBalancerFilterConfig' of type [org.springframework.cloud.client.loadbalancer.reactive.LoadBalancerBeanPostProcessorAutoConfiguration$ReactorDeferringLoadBalancerFilterConfig] is not eligible for getting processed by all BeanPostProcessors (for example: not eligible for auto-proxying). Is this bean getting eagerly injected into a currently created BeanPostProcessor [loadBalancerWebClientBuilderBeanPostProcessor]? Check the corresponding BeanPostProcessor declaration and its dependencies.
2026-04-22T21:43:06.553+08:00  WARN 9260 --- [book-gateway] [           main] trationDelegate$BeanPostProcessorChecker : Bean 'reactorDeferringLoadBalancerExchangeFilterFunction' of type [org.springframework.cloud.client.loadbalancer.reactive.DeferringLoadBalancerExchangeFilterFunction] is not eligible for getting processed by all BeanPostProcessors (for example: not eligible for auto-proxying). Is this bean getting eagerly injected into a currently created BeanPostProcessor [loadBalancerWebClientBuilderBeanPostProcessor]? Check the corresponding BeanPostProcessor declaration and its dependencies.
2026-04-22T21:43:08.881+08:00  INFO 9260 --- [book-gateway] [           main] o.s.cloud.commons.util.InetUtils         : Cannot determine local hostname
2026-04-22T21:43:11.580+08:00  INFO 9260 --- [book-gateway] [           main] o.s.cloud.commons.util.InetUtils         : Cannot determine local hostname
2026-04-22T21:43:11.802+08:00  INFO 9260 --- [book-gateway] [           main] o.s.c.g.r.RouteDefinitionRouteLocator    : Loaded RoutePredicateFactory [After]
2026-04-22T21:43:11.802+08:00  INFO 9260 --- [book-gateway] [           main] o.s.c.g.r.RouteDefinitionRouteLocator    : Loaded RoutePredicateFactory [Before]
2026-04-22T21:43:11.802+08:00  INFO 9260 --- [book-gateway] [           main] o.s.c.g.r.RouteDefinitionRouteLocator    : Loaded RoutePredicateFactory [Between]
2026-04-22T21:43:11.802+08:00  INFO 9260 --- [book-gateway] [           main] o.s.c.g.r.RouteDefinitionRouteLocator    : Loaded RoutePredicateFactory [Cookie]
2026-04-22T21:43:11.802+08:00  INFO 9260 --- [book-gateway] [           main] o.s.c.g.r.RouteDefinitionRouteLocator    : Loaded RoutePredicateFactory [Header]
2026-04-22T21:43:11.802+08:00  INFO 9260 --- [book-gateway] [           main] o.s.c.g.r.RouteDefinitionRouteLocator    : Loaded RoutePredicateFactory [Host]
2026-04-22T21:43:11.802+08:00  INFO 9260 --- [book-gateway] [           main] o.s.c.g.r.RouteDefinitionRouteLocator    : Loaded RoutePredicateFactory [Method]
2026-04-22T21:43:11.802+08:00  INFO 9260 --- [book-gateway] [           main] o.s.c.g.r.RouteDefinitionRouteLocator    : Loaded RoutePredicateFactory [Path]
2026-04-22T21:43:11.802+08:00  INFO 9260 --- [book-gateway] [           main] o.s.c.g.r.RouteDefinitionRouteLocator    : Loaded RoutePredicateFactory [Query]
2026-04-22T21:43:11.802+08:00  INFO 9260 --- [book-gateway] [           main] o.s.c.g.r.RouteDefinitionRouteLocator    : Loaded RoutePredicateFactory [ReadBody]
2026-04-22T21:43:11.802+08:00  INFO 9260 --- [book-gateway] [           main] o.s.c.g.r.RouteDefinitionRouteLocator    : Loaded RoutePredicateFactory [RemoteAddr]
2026-04-22T21:43:11.802+08:00  INFO 9260 --- [book-gateway] [           main] o.s.c.g.r.RouteDefinitionRouteLocator    : Loaded RoutePredicateFactory [XForwardedRemoteAddr]
2026-04-22T21:43:11.802+08:00  INFO 9260 --- [book-gateway] [           main] o.s.c.g.r.RouteDefinitionRouteLocator    : Loaded RoutePredicateFactory [Weight]
2026-04-22T21:43:11.802+08:00  INFO 9260 --- [book-gateway] [           main] o.s.c.g.r.RouteDefinitionRouteLocator    : Loaded RoutePredicateFactory [CloudFoundryRouteService]
2026-04-22T21:43:13.205+08:00  INFO 9260 --- [book-gateway] [           main] o.s.cloud.commons.util.InetUtils         : Cannot determine local hostname
2026-04-22T21:43:13.301+08:00  WARN 9260 --- [book-gateway] [           main] iguration$LoadBalancerCaffeineWarnLogger : Spring Cloud LoadBalancer is currently working with the default cache. While this cache implementation is useful for development and tests, it's recommended to use Caffeine cache in production.You can switch to using Caffeine cache, by adding it and org.springframework.cache.caffeine.CaffeineCacheManager to the classpath.
2026-04-22T21:43:13.472+08:00  INFO 9260 --- [book-gateway] [           main] o.s.b.web.embedded.netty.NettyWebServer  : Netty started on port 8080
2026-04-22T21:43:14.747+08:00  INFO 9260 --- [book-gateway] [           main] o.s.cloud.commons.util.InetUtils         : Cannot determine local hostname
2026-04-22T21:43:15.983+08:00  INFO 9260 --- [book-gateway] [           main] o.s.cloud.commons.util.InetUtils         : Cannot determine local hostname
2026-04-22T21:43:15.990+08:00  INFO 9260 --- [book-gateway] [           main] com.alibaba.nacos.client.naming          : initializer namespace from ans.namespace attribute : null
2026-04-22T21:43:15.990+08:00  INFO 9260 --- [book-gateway] [           main] com.alibaba.nacos.client.naming          : initializer namespace from ALIBABA_ALIWARE_NAMESPACE attribute :null
2026-04-22T21:43:15.990+08:00  INFO 9260 --- [book-gateway] [           main] com.alibaba.nacos.client.naming          : initializer namespace from namespace attribute :null
2026-04-22T21:43:15.995+08:00  INFO 9260 --- [book-gateway] [           main] c.a.n.p.a.s.c.ClientAuthPluginManager    : [ClientAuthPluginManager] Load ClientAuthService com.alibaba.nacos.client.auth.impl.NacosClientAuthServiceImpl success.
2026-04-22T21:43:15.997+08:00  INFO 9260 --- [book-gateway] [           main] c.a.n.p.a.s.c.ClientAuthPluginManager    : [ClientAuthPluginManager] Load ClientAuthService com.alibaba.nacos.client.auth.ram.RamClientAuthServiceImpl success.
2026-04-22T21:43:16.073+08:00  INFO 9260 --- [book-gateway] [           main] com.alibaba.nacos.common.remote.client   : [RpcClientFactory] create a new rpc client of db96385f-4438-46a6-88bf-7c1a6a6d4ffb
2026-04-22T21:43:16.076+08:00  INFO 9260 --- [book-gateway] [           main] com.alibaba.nacos.common.remote.client   : [db96385f-4438-46a6-88bf-7c1a6a6d4ffb] RpcClient init, ServerListFactory = com.alibaba.nacos.client.naming.core.ServerListManager
2026-04-22T21:43:16.076+08:00  INFO 9260 --- [book-gateway] [           main] com.alibaba.nacos.common.remote.client   : [db96385f-4438-46a6-88bf-7c1a6a6d4ffb] Registry connection listener to current client:com.alibaba.nacos.client.naming.remote.gprc.redo.NamingGrpcRedoService
2026-04-22T21:43:16.076+08:00  INFO 9260 --- [book-gateway] [           main] com.alibaba.nacos.common.remote.client   : [db96385f-4438-46a6-88bf-7c1a6a6d4ffb] Register server push request handler:com.alibaba.nacos.client.naming.remote.gprc.NamingPushRequestHandler
2026-04-22T21:43:16.076+08:00  INFO 9260 --- [book-gateway] [           main] com.alibaba.nacos.common.remote.client   : [db96385f-4438-46a6-88bf-7c1a6a6d4ffb] Try to connect to server on start up, server: {serverIp = '192.168.101.128', server main port = 8848}
2026-04-22T21:43:16.076+08:00  INFO 9260 --- [book-gateway] [           main] c.a.n.c.remote.client.grpc.GrpcClient    : grpc client connection server:192.168.101.128 ip,serverPort:9848,grpcTslConfig:{"sslProvider":"OPENSSL","enableTls":false,"mutualAuthEnable":false,"trustAll":false}
2026-04-22T21:43:16.191+08:00  INFO 9260 --- [book-gateway] [           main] com.alibaba.nacos.common.remote.client   : [db96385f-4438-46a6-88bf-7c1a6a6d4ffb] Success to connect to server [192.168.101.128:8848] on start up, connectionId = 1776865395822_192.168.101.1_64211
2026-04-22T21:43:16.191+08:00  INFO 9260 --- [book-gateway] [           main] com.alibaba.nacos.common.remote.client   : [db96385f-4438-46a6-88bf-7c1a6a6d4ffb] Register server push request handler:com.alibaba.nacos.common.remote.client.RpcClient$ConnectResetRequestHandler
2026-04-22T21:43:16.191+08:00  INFO 9260 --- [book-gateway] [           main] com.alibaba.nacos.common.remote.client   : [db96385f-4438-46a6-88bf-7c1a6a6d4ffb] Register server push request handler:com.alibaba.nacos.common.remote.client.RpcClient$$Lambda$290/0x0000000800f51448
2026-04-22T21:43:16.191+08:00  INFO 9260 --- [book-gateway] [t.remote.worker] com.alibaba.nacos.common.remote.client   : [db96385f-4438-46a6-88bf-7c1a6a6d4ffb] Notify connected event to listeners.
2026-04-22T21:43:16.191+08:00  INFO 9260 --- [book-gateway] [t.remote.worker] com.alibaba.nacos.client.naming          : Grpc connection connect
2026-04-22T21:43:16.193+08:00  INFO 9260 --- [book-gateway] [           main] com.alibaba.nacos.client.naming          : [REGISTER-SERVICE] f447a694-519a-4255-95f9-bcbb5a5d636 registering service book-gateway with instance Instance{instanceId='null', ip='192.168.80.1', port=8080, weight=1.0, healthy=true, enabled=true, ephemeral=true, clusterName='DEFAULT', serviceName='null', metadata={IPv6=[2408:8453:1268:7d6b:b0a6:3e19:4e32:9daa], preserved.register.source=SPRING_CLOUD}}
2026-04-22T21:43:16.205+08:00  INFO 9260 --- [book-gateway] [           main] c.a.c.n.registry.NacosServiceRegistry    : nacos registry, DEFAULT_GROUP book-gateway 192.168.80.1:8080 register finished
2026-04-22T21:43:16.268+08:00  INFO 9260 --- [book-gateway] [           main] com.book.gateway.GatewayApplication      : Started GatewayApplication in 17.1 seconds (process running for 18.653)
2026-04-22T21:43:16.271+08:00  INFO 9260 --- [book-gateway] [           main] c.a.nacos.client.config.impl.CacheData   : nacos.cache.data.init.snapshot = true 
2026-04-22T21:43:16.272+08:00  INFO 9260 --- [book-gateway] [           main] c.a.n.client.config.impl.ClientWorker    : [fixed-f447a694-519a-4255-95f9-bcbb5a5d636-192.168.101.128_8848] [subscribe] book-gateway.yaml+DEFAULT_GROUP+f447a694-519a-4255-95f9-bcbb5a5d636
2026-04-22T21:43:16.279+08:00  INFO 9260 --- [book-gateway] [           main] c.a.nacos.client.config.impl.CacheData   : [fixed-f447a694-519a-4255-95f9-bcbb5a5d636-192.168.101.128_8848] [add-listener] ok, tenant=f447a694-519a-4255-95f9-bcbb5a5d636, dataId=book-gateway.yaml, group=DEFAULT_GROUP, cnt=1
2026-04-22T21:43:16.279+08:00  INFO 9260 --- [book-gateway] [           main] c.a.c.n.refresh.NacosContextRefresher    : [Nacos Config] Listening config: dataId=book-gateway.yaml, group=DEFAULT_GROUP
2026-04-22T21:43:16.279+08:00  INFO 9260 --- [book-gateway] [           main] c.a.n.client.config.impl.ClientWorker    : [fixed-f447a694-519a-4255-95f9-bcbb5a5d636-192.168.101.128_8848] [subscribe] book-gateway-dev.yaml+DEFAULT_GROUP+f447a694-519a-4255-95f9-bcbb5a5d636
2026-04-22T21:43:16.279+08:00  INFO 9260 --- [book-gateway] [           main] c.a.nacos.client.config.impl.CacheData   : [fixed-f447a694-519a-4255-95f9-bcbb5a5d636-192.168.101.128_8848] [add-listener] ok, tenant=f447a694-519a-4255-95f9-bcbb5a5d636, dataId=book-gateway-dev.yaml, group=DEFAULT_GROUP, cnt=1
2026-04-22T21:43:16.279+08:00  INFO 9260 --- [book-gateway] [           main] c.a.c.n.refresh.NacosContextRefresher    : [Nacos Config] Listening config: dataId=book-gateway-dev.yaml, group=DEFAULT_GROUP
2026-04-22T21:43:16.279+08:00  INFO 9260 --- [book-gateway] [           main] c.a.n.client.config.impl.ClientWorker    : [fixed-f447a694-519a-4255-95f9-bcbb5a5d636-192.168.101.128_8848] [subscribe] book-gateway+DEFAULT_GROUP+f447a694-519a-4255-95f9-bcbb5a5d636
2026-04-22T21:43:16.279+08:00  INFO 9260 --- [book-gateway] [           main] c.a.nacos.client.config.impl.CacheData   : [fixed-f447a694-519a-4255-95f9-bcbb5a5d636-192.168.101.128_8848] [add-listener] ok, tenant=f447a694-519a-4255-95f9-bcbb5a5d636, dataId=book-gateway, group=DEFAULT_GROUP, cnt=1
2026-04-22T21:43:16.279+08:00  INFO 9260 --- [book-gateway] [           main] c.a.c.n.refresh.NacosContextRefresher    : [Nacos Config] Listening config: dataId=book-gateway, group=DEFAULT_GROUP
2026-04-22T21:43:16.279+08:00  INFO 9260 --- [book-gateway] [           main] c.a.n.client.config.impl.ClientWorker    : [fixed-f447a694-519a-4255-95f9-bcbb5a5d636-192.168.101.128_8848] [subscribe] book-dev.yaml+DEFAULT_GROUP+f447a694-519a-4255-95f9-bcbb5a5d636
2026-04-22T21:43:16.279+08:00  INFO 9260 --- [book-gateway] [           main] c.a.nacos.client.config.impl.CacheData   : [fixed-f447a694-519a-4255-95f9-bcbb5a5d636-192.168.101.128_8848] [add-listener] ok, tenant=f447a694-519a-4255-95f9-bcbb5a5d636, dataId=book-dev.yaml, group=DEFAULT_GROUP, cnt=1
2026-04-22T21:43:16.280+08:00  INFO 9260 --- [book-gateway] [           main] c.a.c.n.refresh.NacosContextRefresher    : [Nacos Config] Listening config: dataId=book-dev.yaml, group=DEFAULT_GROUP
2026-04-22T21:43:57.393+08:00  INFO 9260 --- [book-gateway] [oundedElastic-1] com.alibaba.nacos.client.naming          : [SUBSCRIBE-SERVICE] service:book-book, group:DEFAULT_GROUP, clusters: 
2026-04-22T21:43:57.416+08:00  INFO 9260 --- [book-gateway] [oundedElastic-1] com.alibaba.nacos.client.naming          : init new ips(1) service: DEFAULT_GROUP@@book-book -> [{"instanceId":"192.168.80.1#8082#DEFAULT#DEFAULT_GROUP@@book-book","ip":"192.168.80.1","port":8082,"weight":1.0,"healthy":true,"enabled":true,"ephemeral":true,"clusterName":"DEFAULT","serviceName":"DEFAULT_GROUP@@book-book","metadata":{"preserved.register.source":"SPRING_CLOUD","IPv6":"[2408:8453:1268:7d6b:b0a6:3e19:4e32:9daa]"},"instanceHeartBeatTimeOut":15000,"instanceHeartBeatInterval":5000,"ipDeleteTimeout":30000}]
2026-04-22T21:43:57.417+08:00  INFO 9260 --- [book-gateway] [oundedElastic-1] com.alibaba.nacos.client.naming          : current ips:(1) service: DEFAULT_GROUP@@book-book -> [{"instanceId":"192.168.80.1#8082#DEFAULT#DEFAULT_GROUP@@book-book","ip":"192.168.80.1","port":8082,"weight":1.0,"healthy":true,"enabled":true,"ephemeral":true,"clusterName":"DEFAULT","serviceName":"DEFAULT_GROUP@@book-book","metadata":{"preserved.register.source":"SPRING_CLOUD","IPv6":"[2408:8453:1268:7d6b:b0a6:3e19:4e32:9daa]"},"instanceHeartBeatTimeOut":15000,"instanceHeartBeatInterval":5000,"ipDeleteTimeout":30000}]
2026-04-22T21:43:57.976+08:00  INFO 9260 --- [book-gateway] [.168.101.128-19] com.alibaba.nacos.common.remote.client   : [db96385f-4438-46a6-88bf-7c1a6a6d4ffb] Receive server push request, request = NotifySubscriberRequest, requestId = 1
2026-04-22T21:43:57.977+08:00  INFO 9260 --- [book-gateway] [.168.101.128-19] com.alibaba.nacos.common.remote.client   : [db96385f-4438-46a6-88bf-7c1a6a6d4ffb] Ack server push request, request = NotifySubscriberRequest, requestId = 1
2026-04-22T21:44:00.850+08:00  INFO 9260 --- [book-gateway] [oundedElastic-1] com.alibaba.nacos.client.naming          : [SUBSCRIBE-SERVICE] service:book-user, group:DEFAULT_GROUP, clusters: 
2026-04-22T21:44:00.858+08:00  INFO 9260 --- [book-gateway] [oundedElastic-1] com.alibaba.nacos.client.naming          : init new ips(1) service: DEFAULT_GROUP@@book-user -> [{"instanceId":"192.168.80.1#8081#DEFAULT#DEFAULT_GROUP@@book-user","ip":"192.168.80.1","port":8081,"weight":1.0,"healthy":true,"enabled":true,"ephemeral":true,"clusterName":"DEFAULT","serviceName":"DEFAULT_GROUP@@book-user","metadata":{"preserved.register.source":"SPRING_CLOUD","IPv6":"[2408:8453:1268:7d6b:b0a6:3e19:4e32:9daa]"},"instanceHeartBeatTimeOut":15000,"instanceHeartBeatInterval":5000,"ipDeleteTimeout":30000}]
2026-04-22T21:44:00.858+08:00  INFO 9260 --- [book-gateway] [oundedElastic-1] com.alibaba.nacos.client.naming          : current ips:(1) service: DEFAULT_GROUP@@book-user -> [{"instanceId":"192.168.80.1#8081#DEFAULT#DEFAULT_GROUP@@book-user","ip":"192.168.80.1","port":8081,"weight":1.0,"healthy":true,"enabled":true,"ephemeral":true,"clusterName":"DEFAULT","serviceName":"DEFAULT_GROUP@@book-user","metadata":{"preserved.register.source":"SPRING_CLOUD","IPv6":"[2408:8453:1268:7d6b:b0a6:3e19:4e32:9daa]"},"instanceHeartBeatTimeOut":15000,"instanceHeartBeatInterval":5000,"ipDeleteTimeout":30000}]
2026-04-22T21:44:01.362+08:00  INFO 9260 --- [book-gateway] [.168.101.128-21] com.alibaba.nacos.common.remote.client   : [db96385f-4438-46a6-88bf-7c1a6a6d4ffb] Receive server push request, request = NotifySubscriberRequest, requestId = 2
2026-04-22T21:44:01.362+08:00  INFO 9260 --- [book-gateway] [.168.101.128-21] com.alibaba.nacos.common.remote.client   : [db96385f-4438-46a6-88bf-7c1a6a6d4ffb] Ack server push request, request = NotifySubscriberRequest, requestId = 2
2026-04-22T21:50:57.994+08:00  INFO 9260 --- [book-gateway] [168.101.128-119] com.alibaba.nacos.common.remote.client   : [d6065d24-871a-4f75-afdf-6d70b25d6abf_config-0] Receive server push request, request = ConfigChangeNotifyRequest, requestId = 4
2026-04-22T21:50:57.994+08:00  INFO 9260 --- [book-gateway] [168.101.128-119] c.a.n.client.config.impl.ClientWorker    : [d6065d24-871a-4f75-afdf-6d70b25d6abf_config-0] [server-push] config changed. dataId=book-dev.yaml, group=DEFAULT_GROUP,tenant=f447a694-519a-4255-95f9-bcbb5a5d636
2026-04-22T21:50:57.994+08:00  INFO 9260 --- [book-gateway] [168.101.128-119] com.alibaba.nacos.common.remote.client   : [d6065d24-871a-4f75-afdf-6d70b25d6abf_config-0] Ack server push request, request = ConfigChangeNotifyRequest, requestId = 4
2026-04-22T21:50:58.034+08:00  INFO 9260 --- [book-gateway] [s.client.Worker] c.a.n.client.config.impl.ClientWorker    : [fixed-f447a694-519a-4255-95f9-bcbb5a5d636-192.168.101.128_8848] [data-received] dataId=book-dev.yaml, group=DEFAULT_GROUP, tenant=f447a694-519a-4255-95f9-bcbb5a5d636, md5=c9888e533566fef41eade260b73e43cc, content=spring:
  data:
    redis:
      host: 192.168.101.128
      port: 6379
      password:
      databa..., type=yaml
2026-04-22T21:50:58.037+08:00  INFO 9260 --- [book-gateway] [s.client.Worker] c.a.nacos.client.config.impl.CacheData   : [fixed-f447a694-519a-4255-95f9-bcbb5a5d636-192.168.101.128_8848] [notify-listener] time cost=1ms in ClientWorker, dataId=book-dev.yaml, group=DEFAULT_GROUP, md5=c9888e533566fef41eade260b73e43cc, listener=com.alibaba.cloud.nacos.refresh.NacosContextRefresher$1@26d95c85 
2026-04-22T21:50:58.037+08:00  INFO 9260 --- [book-gateway] [ternal.notifier] c.a.nacos.client.config.impl.CacheData   : [fixed-f447a694-519a-4255-95f9-bcbb5a5d636-192.168.101.128_8848] [notify-context] dataId=book-dev.yaml, group=DEFAULT_GROUP, md5=c9888e533566fef41eade260b73e43cc
2026-04-22T21:50:59.483+08:00  INFO 9260 --- [book-gateway] [ternal.notifier] o.s.cloud.commons.util.InetUtils         : Cannot determine local hostname
2026-04-22T21:50:59.580+08:00  WARN 9260 --- [book-gateway] [ternal.notifier] c.a.nacos.client.logging.NacosLogging    : Load Logback Configuration of Nacos fail, message: Could not initialize Logback Nacos logging from classpath:nacos-logback.xml
2026-04-22T21:50:59.589+08:00  WARN 9260 --- [book-gateway] [ternal.notifier] c.a.nacos.client.logging.NacosLogging    : Load Logback Configuration of Nacos fail, message: Could not initialize Logback Nacos logging from classpath:nacos-logback.xml
2026-04-22T21:50:59.591+08:00  INFO 9260 --- [book-gateway] [ternal.notifier] c.a.c.n.c.NacosConfigDataLoader          : [Nacos Config] Load config[dataId=book-dev.yaml, group=DEFAULT_GROUP] success
2026-04-22T21:50:59.630+08:00  WARN 9260 --- [book-gateway] [ternal.notifier] c.a.nacos.client.logging.NacosLogging    : Load Logback Configuration of Nacos fail, message: Could not initialize Logback Nacos logging from classpath:nacos-logback.xml
2026-04-22T21:50:59.663+08:00  WARN 9260 --- [book-gateway] [ternal.notifier] c.a.c.n.c.NacosPropertySourceBuilder     : Ignore the empty nacos configuration and get it based on dataId[book-gateway] & group[DEFAULT_GROUP]
2026-04-22T21:50:59.689+08:00  WARN 9260 --- [book-gateway] [ternal.notifier] c.a.c.n.c.NacosPropertySourceBuilder     : Ignore the empty nacos configuration and get it based on dataId[book-gateway-dev.yaml] & group[DEFAULT_GROUP]
2026-04-22T21:50:59.689+08:00  INFO 9260 --- [book-gateway] [ternal.notifier] b.c.PropertySourceBootstrapConfiguration : Located property source: [BootstrapPropertySource {name='bootstrapProperties-book-gateway-dev.yaml,DEFAULT_GROUP'}, BootstrapPropertySource {name='bootstrapProperties-book-gateway.yaml,DEFAULT_GROUP'}, BootstrapPropertySource {name='bootstrapProperties-book-gateway,DEFAULT_GROUP'}, BootstrapPropertySource {name='bootstrapProperties-book-dev.yaml,DEFAULT_GROUP'}]
2026-04-22T21:50:59.694+08:00  WARN 9260 --- [book-gateway] [ternal.notifier] c.a.nacos.client.logging.NacosLogging    : Load Logback Configuration of Nacos fail, message: Could not initialize Logback Nacos logging from classpath:nacos-logback.xml
2026-04-22T21:50:59.695+08:00  INFO 9260 --- [book-gateway] [ternal.notifier] o.s.boot.SpringApplication               : The following 1 profile is active: "dev"
2026-04-22T21:50:59.705+08:00  INFO 9260 --- [book-gateway] [ternal.notifier] o.s.boot.SpringApplication               : Started application in 1.648 seconds (process running for 482.09)
2026-04-22T21:50:59.813+08:00  INFO 9260 --- [book-gateway] [ternal.notifier] o.s.c.e.event.RefreshEventListener       : Refresh keys changed: [book.datasource.dev.url]
2026-04-22T21:50:59.813+08:00  INFO 9260 --- [book-gateway] [ternal.notifier] c.a.nacos.client.config.impl.CacheData   : [fixed-f447a694-519a-4255-95f9-bcbb5a5d636-192.168.101.128_8848] [notify-ok] dataId=book-dev.yaml, group=DEFAULT_GROUP, md5=c9888e533566fef41eade260b73e43cc, listener=com.alibaba.cloud.nacos.refresh.NacosContextRefresher$1@26d95c85 ,cost=1776 millis.
2026-04-22T21:53:06.747+08:00  INFO 9260 --- [book-gateway] [168.101.128-131] com.alibaba.nacos.common.remote.client   : [db96385f-4438-46a6-88bf-7c1a6a6d4ffb] Receive server push request, request = NotifySubscriberRequest, requestId = 8
2026-04-22T21:53:06.749+08:00  INFO 9260 --- [book-gateway] [168.101.128-131] com.alibaba.nacos.client.naming          : removed ips(1) service: DEFAULT_GROUP@@book-user -> [{"instanceId":"192.168.80.1#8081#DEFAULT#DEFAULT_GROUP@@book-user","ip":"192.168.80.1","port":8081,"weight":1.0,"healthy":true,"enabled":true,"ephemeral":true,"clusterName":"DEFAULT","serviceName":"DEFAULT_GROUP@@book-user","metadata":{"preserved.register.source":"SPRING_CLOUD","IPv6":"[2408:8453:1268:7d6b:b0a6:3e19:4e32:9daa]"},"instanceHeartBeatTimeOut":15000,"instanceHeartBeatInterval":5000,"ipDeleteTimeout":30000}]
2026-04-22T21:53:06.749+08:00  INFO 9260 --- [book-gateway] [168.101.128-131] com.alibaba.nacos.client.naming          : current ips:(0) service: DEFAULT_GROUP@@book-user -> []
2026-04-22T21:53:06.752+08:00  INFO 9260 --- [book-gateway] [168.101.128-131] com.alibaba.nacos.common.remote.client   : [db96385f-4438-46a6-88bf-7c1a6a6d4ffb] Ack server push request, request = NotifySubscriberRequest, requestId = 8
2026-04-22T21:53:23.676+08:00  INFO 9260 --- [book-gateway] [168.101.128-135] com.alibaba.nacos.common.remote.client   : [db96385f-4438-46a6-88bf-7c1a6a6d4ffb] Receive server push request, request = NotifySubscriberRequest, requestId = 9
2026-04-22T21:53:23.676+08:00  INFO 9260 --- [book-gateway] [168.101.128-135] com.alibaba.nacos.client.naming          : new ips(1) service: DEFAULT_GROUP@@book-user -> [{"instanceId":"192.168.80.1#8081#DEFAULT#DEFAULT_GROUP@@book-user","ip":"192.168.80.1","port":8081,"weight":1.0,"healthy":true,"enabled":true,"ephemeral":true,"clusterName":"DEFAULT","serviceName":"DEFAULT_GROUP@@book-user","metadata":{"preserved.register.source":"SPRING_CLOUD","IPv6":"[2408:8453:1268:7d6b:b0a6:3e19:4e32:9daa]"},"instanceHeartBeatTimeOut":15000,"instanceHeartBeatInterval":5000,"ipDeleteTimeout":30000}]
2026-04-22T21:53:23.676+08:00  INFO 9260 --- [book-gateway] [168.101.128-135] com.alibaba.nacos.client.naming          : current ips:(1) service: DEFAULT_GROUP@@book-user -> [{"instanceId":"192.168.80.1#8081#DEFAULT#DEFAULT_GROUP@@book-user","ip":"192.168.80.1","port":8081,"weight":1.0,"healthy":true,"enabled":true,"ephemeral":true,"clusterName":"DEFAULT","serviceName":"DEFAULT_GROUP@@book-user","metadata":{"preserved.register.source":"SPRING_CLOUD","IPv6":"[2408:8453:1268:7d6b:b0a6:3e19:4e32:9daa]"},"instanceHeartBeatTimeOut":15000,"instanceHeartBeatInterval":5000,"ipDeleteTimeout":30000}]
2026-04-22T21:53:23.682+08:00  INFO 9260 --- [book-gateway] [168.101.128-135] com.alibaba.nacos.common.remote.client   : [db96385f-4438-46a6-88bf-7c1a6a6d4ffb] Ack server push request, request = NotifySubscriberRequest, requestId = 9
2026-04-22T21:54:00.774+08:00  INFO 9260 --- [book-gateway] [oundedElastic-2] com.alibaba.nacos.client.naming          : [SUBSCRIBE-SERVICE] service:book-record, group:DEFAULT_GROUP, clusters: 
2026-04-22T21:54:00.780+08:00  INFO 9260 --- [book-gateway] [oundedElastic-2] com.alibaba.nacos.client.naming          : init new ips(1) service: DEFAULT_GROUP@@book-record -> [{"instanceId":"192.168.80.1#8083#DEFAULT#DEFAULT_GROUP@@book-record","ip":"192.168.80.1","port":8083,"weight":1.0,"healthy":true,"enabled":true,"ephemeral":true,"clusterName":"DEFAULT","serviceName":"DEFAULT_GROUP@@book-record","metadata":{"preserved.register.source":"SPRING_CLOUD","IPv6":"[2408:8453:1268:7d6b:b0a6:3e19:4e32:9daa]"},"instanceHeartBeatTimeOut":15000,"instanceHeartBeatInterval":5000,"ipDeleteTimeout":30000}]
2026-04-22T21:54:00.783+08:00  INFO 9260 --- [book-gateway] [oundedElastic-2] com.alibaba.nacos.client.naming          : current ips:(1) service: DEFAULT_GROUP@@book-record -> [{"instanceId":"192.168.80.1#8083#DEFAULT#DEFAULT_GROUP@@book-record","ip":"192.168.80.1","port":8083,"weight":1.0,"healthy":true,"enabled":true,"ephemeral":true,"clusterName":"DEFAULT","serviceName":"DEFAULT_GROUP@@book-record","metadata":{"preserved.register.source":"SPRING_CLOUD","IPv6":"[2408:8453:1268:7d6b:b0a6:3e19:4e32:9daa]"},"instanceHeartBeatTimeOut":15000,"instanceHeartBeatInterval":5000,"ipDeleteTimeout":30000}]
2026-04-22T21:54:00.846+08:00  INFO 9260 --- [book-gateway] [oundedElastic-2] com.alibaba.nacos.client.naming          : [SUBSCRIBE-SERVICE] service:book-recommend, group:DEFAULT_GROUP, clusters: 
2026-04-22T21:54:00.852+08:00  INFO 9260 --- [book-gateway] [oundedElastic-2] com.alibaba.nacos.client.naming          : init new ips(1) service: DEFAULT_GROUP@@book-recommend -> [{"instanceId":"192.168.80.1#8084#DEFAULT#DEFAULT_GROUP@@book-recommend","ip":"192.168.80.1","port":8084,"weight":1.0,"healthy":true,"enabled":true,"ephemeral":true,"clusterName":"DEFAULT","serviceName":"DEFAULT_GROUP@@book-recommend","metadata":{"preserved.register.source":"SPRING_CLOUD","IPv6":"[2408:8453:1268:7d6b:b0a6:3e19:4e32:9daa]"},"instanceHeartBeatTimeOut":15000,"instanceHeartBeatInterval":5000,"ipDeleteTimeout":30000}]
2026-04-22T21:54:00.852+08:00  INFO 9260 --- [book-gateway] [oundedElastic-2] com.alibaba.nacos.client.naming          : current ips:(1) service: DEFAULT_GROUP@@book-recommend -> [{"instanceId":"192.168.80.1#8084#DEFAULT#DEFAULT_GROUP@@book-recommend","ip":"192.168.80.1","port":8084,"weight":1.0,"healthy":true,"enabled":true,"ephemeral":true,"clusterName":"DEFAULT","serviceName":"DEFAULT_GROUP@@book-recommend","metadata":{"preserved.register.source":"SPRING_CLOUD","IPv6":"[2408:8453:1268:7d6b:b0a6:3e19:4e32:9daa]"},"instanceHeartBeatTimeOut":15000,"instanceHeartBeatInterval":5000,"ipDeleteTimeout":30000}]
2026-04-22T21:54:01.336+08:00  INFO 9260 --- [book-gateway] [168.101.128-144] com.alibaba.nacos.common.remote.client   : [db96385f-4438-46a6-88bf-7c1a6a6d4ffb] Receive server push request, request = NotifySubscriberRequest, requestId = 10
2026-04-22T21:54:01.336+08:00  INFO 9260 --- [book-gateway] [168.101.128-144] com.alibaba.nacos.common.remote.client   : [db96385f-4438-46a6-88bf-7c1a6a6d4ffb] Ack server push request, request = NotifySubscriberRequest, requestId = 10
2026-04-22T21:54:01.436+08:00  INFO 9260 --- [book-gateway] [168.101.128-145] com.alibaba.nacos.common.remote.client   : [db96385f-4438-46a6-88bf-7c1a6a6d4ffb] Receive server push request, request = NotifySubscriberRequest, requestId = 12
2026-04-22T21:54:01.436+08:00  INFO 9260 --- [book-gateway] [168.101.128-145] com.alibaba.nacos.common.remote.client   : [db96385f-4438-46a6-88bf-7c1a6a6d4ffb] Ack server push request, request = NotifySubscriberRequest, requestId = 12
[INFO] ------------------------------------------------------------------------
[INFO] BUILD FAILURE
[INFO] ------------------------------------------------------------------------
[INFO] Total time:  25:46 min
[INFO] Finished at: 2026-04-22T22:08:33+08:00
[INFO] ------------------------------------------------------------------------
[ERROR] Failed to execute goal org.springframework.boot:spring-boot-maven-plugin:3.2.4:run (default-cli) on project book-gateway: Process terminated with exit code: -1 -> [Help 1]
[ERROR] 
[ERROR] To see the full stack trace of the errors, re-run Maven with the -e switch.
[ERROR] Re-run Maven using the -X switch to enable full debug logging.
[ERROR] 
[ERROR] For more information about the errors and possible solutions, please read the following articles:
[ERROR] [Help 1] http://cwiki.apache.org/confluence/display/MAVEN/MojoExecutionException
